Component: ARM Compiler 5.06 update 7 (build 960) Tool: armlink [4d3601]

==============================================================================

Section Cross References

    startup_stm32l412xx.o(STACK) refers (Special) to heapauxi.o(.text) for __use_two_region_memory
    startup_stm32l412xx.o(HEAP) refers (Special) to heapauxi.o(.text) for __use_two_region_memory
    startup_stm32l412xx.o(RESET) refers (Special) to heapauxi.o(.text) for __use_two_region_memory
    startup_stm32l412xx.o(RESET) refers to startup_stm32l412xx.o(STACK) for __initial_sp
    startup_stm32l412xx.o(RESET) refers to startup_stm32l412xx.o(.text) for Reset_Handler
    startup_stm32l412xx.o(RESET) refers to stm32l4xx_it.o(i.NMI_Handler) for NMI_Handler
    startup_stm32l412xx.o(RESET) refers to stm32l4xx_it.o(i.HardFault_Handler) for HardFault_Handler
    startup_stm32l412xx.o(RESET) refers to stm32l4xx_it.o(i.MemManage_Handler) for MemManage_Handler
    startup_stm32l412xx.o(RESET) refers to stm32l4xx_it.o(i.BusFault_Handler) for BusFault_Handler
    startup_stm32l412xx.o(RESET) refers to stm32l4xx_it.o(i.UsageFault_Handler) for UsageFault_Handler
    startup_stm32l412xx.o(RESET) refers to stm32l4xx_it.o(i.SVC_Handler) for SVC_Handler
    startup_stm32l412xx.o(RESET) refers to stm32l4xx_it.o(i.DebugMon_Handler) for DebugMon_Handler
    startup_stm32l412xx.o(RESET) refers to stm32l4xx_it.o(i.PendSV_Handler) for PendSV_Handler
    startup_stm32l412xx.o(RESET) refers to stm32l4xx_it.o(i.SysTick_Handler) for SysTick_Handler
    startup_stm32l412xx.o(RESET) refers to stm32l4xx_it.o(i.DMA1_Channel6_IRQHandler) for DMA1_Channel6_IRQHandler
    startup_stm32l412xx.o(RESET) refers to stm32l4xx_it.o(i.DMA1_Channel7_IRQHandler) for DMA1_Channel7_IRQHandler
    startup_stm32l412xx.o(.text) refers (Special) to heapauxi.o(.text) for __use_two_region_memory
    startup_stm32l412xx.o(.text) refers to system_stm32l4xx.o(i.SystemInit) for SystemInit
    startup_stm32l412xx.o(.text) refers to __main.o(!!!main) for __main
    startup_stm32l412xx.o(.text) refers to startup_stm32l412xx.o(HEAP) for Heap_Mem
    startup_stm32l412xx.o(.text) refers to startup_stm32l412xx.o(STACK) for Stack_Mem
    bno055.o(i.bno055_acc) refers to rt_memcpy_w.o(.text) for __aeabi_memcpy4
    bno055.o(i.bno055_acc) refers to bno055.o(i.bno055_read_regs) for bno055_read_regs
    bno055.o(i.bno055_acc_conf) refers to bno055.o(i.bno055_set_page) for bno055_set_page
    bno055.o(i.bno055_acc_conf) refers to bno055.o(i.bno055_set_opmode) for bno055_set_opmode
    bno055.o(i.bno055_acc_conf) refers to stm32l4xx_hal.o(i.HAL_Delay) for HAL_Delay
    bno055.o(i.bno055_acc_conf) refers to rt_memcpy_w.o(.text) for __aeabi_memcpy4
    bno055.o(i.bno055_acc_conf) refers to bno055.o(i.bno055_write_regs) for bno055_write_regs
    bno055.o(i.bno055_acc_x) refers to rt_memcpy_w.o(.text) for __aeabi_memcpy4
    bno055.o(i.bno055_acc_x) refers to bno055.o(i.bno055_read_regs) for bno055_read_regs
    bno055.o(i.bno055_acc_y) refers to rt_memcpy_w.o(.text) for __aeabi_memcpy4
    bno055.o(i.bno055_acc_y) refers to bno055.o(i.bno055_read_regs) for bno055_read_regs
    bno055.o(i.bno055_acc_z) refers to rt_memcpy_w.o(.text) for __aeabi_memcpy4
    bno055.o(i.bno055_acc_z) refers to bno055.o(i.bno055_read_regs) for bno055_read_regs
    bno055.o(i.bno055_euler) refers to rt_memcpy_w.o(.text) for __aeabi_memcpy4
    bno055.o(i.bno055_euler) refers to bno055.o(i.bno055_read_regs) for bno055_read_regs
    bno055.o(i.bno055_euler_pitch) refers to rt_memcpy_w.o(.text) for __aeabi_memcpy4
    bno055.o(i.bno055_euler_pitch) refers to bno055.o(i.bno055_read_regs) for bno055_read_regs
    bno055.o(i.bno055_euler_roll) refers to rt_memcpy_w.o(.text) for __aeabi_memcpy4
    bno055.o(i.bno055_euler_roll) refers to bno055.o(i.bno055_read_regs) for bno055_read_regs
    bno055.o(i.bno055_euler_yaw) refers to rt_memcpy_w.o(.text) for __aeabi_memcpy4
    bno055.o(i.bno055_euler_yaw) refers to bno055.o(i.bno055_read_regs) for bno055_read_regs
    bno055.o(i.bno055_gravity) refers to rt_memcpy_w.o(.text) for __aeabi_memcpy4
    bno055.o(i.bno055_gravity) refers to bno055.o(i.bno055_read_regs) for bno055_read_regs
    bno055.o(i.bno055_gravity_x) refers to rt_memcpy_w.o(.text) for __aeabi_memcpy4
    bno055.o(i.bno055_gravity_x) refers to bno055.o(i.bno055_read_regs) for bno055_read_regs
    bno055.o(i.bno055_gravity_y) refers to rt_memcpy_w.o(.text) for __aeabi_memcpy4
    bno055.o(i.bno055_gravity_y) refers to bno055.o(i.bno055_read_regs) for bno055_read_regs
    bno055.o(i.bno055_gravity_z) refers to rt_memcpy_w.o(.text) for __aeabi_memcpy4
    bno055.o(i.bno055_gravity_z) refers to bno055.o(i.bno055_read_regs) for bno055_read_regs
    bno055.o(i.bno055_gyr_conf) refers to bno055.o(i.bno055_set_page) for bno055_set_page
    bno055.o(i.bno055_gyr_conf) refers to bno055.o(i.bno055_set_opmode) for bno055_set_opmode
    bno055.o(i.bno055_gyr_conf) refers to stm32l4xx_hal.o(i.HAL_Delay) for HAL_Delay
[...]
    .ARM.Collect$$libinit$$0000002C          0x08000206   Section        0  libinit2.o(.ARM.Collect$$libinit$$0000002C)
    .ARM.Collect$$libinit$$0000002E          0x08000206   Section        0  libinit2.o(.ARM.Collect$$libinit$$0000002E)
    .ARM.Collect$$libinit$$00000030          0x08000206   Section        0  libinit2.o(.ARM.Collect$$libinit$$00000030)
    .ARM.Collect$$libinit$$00000032          0x08000206   Section        0  libinit2.o(.ARM.Collect$$libinit$$00000032)
    .ARM.Collect$$libinit$$00000033          0x08000206   Section        2  libinit2.o(.ARM.Collect$$libinit$$00000033)
    .ARM.Collect$$libshutdown$$00000000      0x08000208   Section        2  libshutdown.o(.ARM.Collect$$libshutdown$$00000000)
    .ARM.Collect$$libshutdown$$00000002      0x0800020a   Section        0  libshutdown2.o(.ARM.Collect$$libshutdown$$00000002)
    .ARM.Collect$$libshutdown$$00000004      0x0800020a   Section        0  libshutdown2.o(.ARM.Collect$$libshutdown$$00000004)
    .ARM.Collect$$libshutdown$$00000006      0x0800020a   Section        0  libshutdown2.o(.ARM.Collect$$libshutdown$$00000006)
    .ARM.Collect$$libshutdown$$00000009      0x0800020a   Section        0  libshutdown2.o(.ARM.Collect$$libshutdown$$00000009)
    .ARM.Collect$$libshutdown$$0000000C      0x0800020a   Section        0  libshutdown2.o(.ARM.Collect$$libshutdown$$0000000C)
    .ARM.Collect$$libshutdown$$0000000E      0x0800020a   Section        0  libshutdown2.o(.ARM.Collect$$libshutdown$$0000000E)
    .ARM.Collect$$libshutdown$$00000011      0x0800020a   Section        0  libshutdown2.o(.ARM.Collect$$libshutdown$$00000011)
    .ARM.Collect$$libshutdown$$00000012      0x0800020a   Section        2  libshutdown2.o(.ARM.Collect$$libshutdown$$00000012)
    .ARM.Collect$$rtentry$$00000000          0x0800020c   Section        0  __rtentry.o(.ARM.Collect$$rtentry$$00000000)
    .ARM.Collect$$rtentry$$00000002          0x0800020c   Section        0  __rtentry2.o(.ARM.Collect$$rtentry$$00000002)
    .ARM.Collect$$rtentry$$00000004          0x0800020c   Section        6  __rtentry4.o(.ARM.Collect$$rtentry$$00000004)
    .ARM.Collect$$rtentry$$00000009          0x08000212   Section        0  __rtentry2.o(.ARM.Collect$$rtentry$$00000009)
    .ARM.Collect$$rtentry$$0000000A          0x08000212   Section        4  __rtentry2.o(.ARM.Collect$$rtentry$$0000000A)
    .ARM.Collect$$rtentry$$0000000C          0x08000216   Section        0  __rtentry2.o(.ARM.Collect$$rtentry$$0000000C)
    .ARM.Collect$$rtentry$$0000000D          0x08000216   Section        8  __rtentry2.o(.ARM.Collect$$rtentry$$0000000D)
    .ARM.Collect$$rtexit$$00000000           0x0800021e   Section        2  rtexit.o(.ARM.Collect$$rtexit$$00000000)
    .ARM.Collect$$rtexit$$00000002           0x08000220   Section        0  rtexit2.o(.ARM.Collect$$rtexit$$00000002)
    .ARM.Collect$$rtexit$$00000003           0x08000220   Section        4  rtexit2.o(.ARM.Collect$$rtexit$$00000003)
    .ARM.Collect$$rtexit$$00000004           0x08000224   Section        6  rtexit2.o(.ARM.Collect$$rtexit$$00000004)
    .text                                    0x0800022c   Section       64  startup_stm32l412xx.o(.text)
    $v0                                      0x0800022c   Number         0  startup_stm32l412xx.o(.text)
    .text                                    0x0800026c   Section      238  lludivv7m.o(.text)
    .text                                    0x0800035a   Section      100  rt_memcpy_w.o(.text)
    .text                                    0x080003be   Section       78  rt_memclr_w.o(.text)
    .text                                    0x0800040c   Section        0  heapauxi.o(.text)
    .text                                    0x08000412   Section       74  sys_stackheap_outer.o(.text)
    .text                                    0x0800045c   Section        0  exit.o(.text)
    .text                                    0x08000470   Section        8  libspace.o(.text)
    .text                                    0x08000478   Section        0  sys_exit.o(.text)
    .text                                    0x08000484   Section        2  use_no_semi.o(.text)
    .text                                    0x08000486   Section        0  indicate_semi.o(.text)
    i.ADC_Enable                             0x08000488   Section        0  stm32l4xx_hal_adc.o(i.ADC_Enable)
    i.BusFault_Handler                       0x08000534   Section        0  stm32l4xx_it.o(i.BusFault_Handler)
    i.DMA1_Channel6_IRQHandler               0x08000538   Section        0  stm32l4xx_it.o(i.DMA1_Channel6_IRQHandler)
    i.DMA1_Channel7_IRQHandler               0x08000544   Section        0  stm32l4xx_it.o(i.DMA1_Channel7_IRQHandler)
    i.DebugMon_Handler                       0x08000550   Section        0  stm32l4xx_it.o(i.DebugMon_Handler)
    i.Error_Handler                          0x08000552   Section        0  main.o(i.Error_Handler)
    i.HAL_ADCEx_MultiModeConfigChannel       0x08000558   Section        0  stm32l4xx_hal_adc_ex.o(i.HAL_ADCEx_MultiModeConfigChannel)
    i.HAL_ADC_ConfigChannel                  0x08000638   Section        0  stm32l4xx_hal_adc.o(i.HAL_ADC_ConfigChannel)
    i.HAL_ADC_GetValue                       0x08000a4a   Section        0  stm32l4xx_hal_adc.o(i.HAL_ADC_GetValue)
    i.HAL_ADC_Init                           0x08000a50   Section        0  stm32l4xx_hal_adc.o(i.HAL_ADC_Init)
    i.HAL_ADC_MspInit                        0x08000c10   Section        0  adc.o(i.HAL_ADC_MspInit)
    i.HAL_ADC_PollForConversion              0x08000cb0   Section        0  stm32l4xx_hal_adc.o(i.HAL_ADC_PollForConversion)
    i.HAL_ADC_Start                          0x08000dac   Section        0  stm32l4xx_hal_adc.o(i.HAL_ADC_Start)
    i.HAL_DMA_IRQHandler                     0x08000ea0   Section        0  stm32l4xx_hal_dma.o(i.HAL_DMA_IRQHandler)
    i.HAL_DMA_Init                           0x08000f5c   Section        0  stm32l4xx_hal_dma.o(i.HAL_DMA_Init)
    i.HAL_Delay                              0x0800101c   Section        0  stm32l4xx_hal.o(i.HAL_Delay)
    i.HAL_GPIO_Init                          0x08001040   Section        0  stm32l4xx_hal_gpio.o(i.HAL_GPIO_Init)
    i.HAL_GPIO_WritePin                      0x08001266   Section        0  stm32l4xx_hal_gpio.o(i.HAL_GPIO_WritePin)
    i.HAL_GetTick                            0x08001270   Section        0  stm32l4xx_hal.o(i.HAL_GetTick)
    i.HAL_I2CEx_ConfigAnalogFilter           0x0800127c   Section        0  stm32l4xx_hal_i2c_ex.o(i.HAL_I2CEx_ConfigAnalogFilter)
    i.HAL_I2CEx_ConfigDigitalFilter          0x080012d2   Section        0  stm32l4xx_hal_i2c_ex.o(i.HAL_I2CEx_ConfigDigitalFilter)
    i.HAL_I2C_Init                           0x08001324   Section        0  stm32l4xx_hal_i2c.o(i.HAL_I2C_Init)
    i.HAL_I2C_Master_Receive                 0x080013dc   Section        0  stm32l4xx_hal_i2c.o(i.HAL_I2C_Master_Receive)
    i.HAL_I2C_Master_Transmit                0x08001508   Section        0  stm32l4xx_hal_i2c.o(i.HAL_I2C_Master_Transmit)
    i.HAL_I2C_Mem_Write                      0x08001634   Section        0  stm32l4xx_hal_i2c.o(i.HAL_I2C_Mem_Write)
    i.HAL_I2C_MspInit                        0x08001794   Section        0  i2c.o(i.HAL_I2C_MspInit)
    i.HAL_IncTick                            0x080018e0   Section        0  stm32l4xx_hal.o(i.HAL_IncTick)
    i.HAL_Init                               0x080018f0   Section        0  stm32l4xx_hal.o(i.HAL_Init)
    i.HAL_InitTick                           0x08001910   Section        0  stm32l4xx_hal.o(i.HAL_InitTick)
    i.HAL_MspInit                            0x08001954   Section        0  stm32l4xx_hal_msp.o(i.HAL_MspInit)
    i.HAL_NVIC_EnableIRQ                     0x08001980   Section        0  stm32l4xx_hal_cortex.o(i.HAL_NVIC_EnableIRQ)
    i.HAL_NVIC_SetPriority                   0x0800199c   Section        0  stm32l4xx_hal_cortex.o(i.HAL_NVIC_SetPriority)
    i.HAL_NVIC_SetPriorityGrouping           0x080019dc   Section        0  stm32l4xx_hal_cortex.o(i.HAL_NVIC_SetPriorityGrouping)
    i.HAL_PWREx_ControlVoltageScaling        0x08001a00   Section        0  stm32l4xx_hal_pwr_ex.o(i.HAL_PWREx_ControlVoltageScaling)
    i.HAL_PWREx_GetVoltageRange              0x08001a68   Section        0  stm32l4xx_hal_pwr_ex.o(i.HAL_PWREx_GetVoltageRange)
    i.HAL_RCCEx_PeriphCLKConfig              0x08001a78   Section        0  stm32l4xx_hal_rcc_ex.o(i.HAL_RCCEx_PeriphCLKConfig)
    i.HAL_RCC_ClockConfig                    0x08001c68   Section        0  stm32l4xx_hal_rcc.o(i.HAL_RCC_ClockConfig)
    i.HAL_RCC_GetPCLK1Freq                   0x08001dac   Section        0  stm32l4xx_hal_rcc.o(i.HAL_RCC_GetPCLK1Freq)
    i.HAL_RCC_GetPCLK2Freq                   0x08001dd0   Section        0  stm32l4xx_hal_rcc.o(i.HAL_RCC_GetPCLK2Freq)
    i.HAL_RCC_GetSysClockFreq                0x08001df4   Section        0  stm32l4xx_hal_rcc.o(i.HAL_RCC_GetSysClockFreq)
    i.HAL_RCC_OscConfig                      0x08001e98   Section        0  stm32l4xx_hal_rcc.o(i.HAL_RCC_OscConfig)
    i.HAL_SYSTICK_Config                     0x08002458   Section        0  stm32l4xx_hal_cortex.o(i.HAL_SYSTICK_Config)
    i.HAL_UART_Init                          0x08002480   Section        0  stm32l4xx_hal_uart.o(i.HAL_UART_Init)
    i.HAL_UART_MspInit                       0x080024e8   Section        0  usart.o(i.HAL_UART_MspInit)
    i.HAL_UART_Transmit                      0x08002568   Section        0  stm32l4xx_hal_uart.o(i.HAL_UART_Transmit)
    i.HardFault_Handler                      0x0800261e   Section        0  stm32l4xx_it.o(i.HardFault_Handler)
    i.I2C_Flush_TXDR                         0x08002620   Section        0  stm32l4xx_hal_i2c.o(i.I2C_Flush_TXDR)
    I2C_Flush_TXDR                           0x08002621   Thumb Code    34  stm32l4xx_hal_i2c.o(i.I2C_Flush_TXDR)
    i.I2C_IsErrorOccurred                    0x08002644   Section        0  stm32l4xx_hal_i2c.o(i.I2C_IsErrorOccurred)
    I2C_IsErrorOccurred                      0x08002645   Thumb Code   284  stm32l4xx_hal_i2c.o(i.I2C_IsErrorOccurred)
    i.I2C_RequestMemoryWrite                 0x08002764   Section        0  stm32l4xx_hal_i2c.o(i.I2C_RequestMemoryWrite)
    I2C_RequestMemoryWrite                   0x08002765   Thumb Code    94  stm32l4xx_hal_i2c.o(i.I2C_RequestMemoryWrite)
    i.I2C_TransferConfig                     0x080027c8   Section        0  stm32l4xx_hal_i2c.o(i.I2C_TransferConfig)
    I2C_TransferConfig                       0x080027c9   Thumb Code    44  stm32l4xx_hal_i2c.o(i.I2C_TransferConfig)
    i.I2C_WaitOnFlagUntilTimeout             0x080027f8   Section        0  stm32l4xx_hal_i2c.o(i.I2C_WaitOnFlagUntilTimeout)
    I2C_WaitOnFlagUntilTimeout               0x080027f9   Thumb Code    88  stm32l4xx_hal_i2c.o(i.I2C_WaitOnFlagUntilTimeout)
    i.I2C_WaitOnRXNEFlagUntilTimeout         0x08002850   Section        0  stm32l4xx_hal_i2c.o(i.I2C_WaitOnRXNEFlagUntilTimeout)
    I2C_WaitOnRXNEFlagUntilTimeout           0x08002851   Thumb Code   150  stm32l4xx_hal_i2c.o(i.I2C_WaitOnRXNEFlagUntilTimeout)
    i.I2C_WaitOnSTOPFlagUntilTimeout         0x080028ec   Section        0  stm32l4xx_hal_i2c.o(i.I2C_WaitOnSTOPFlagUntilTimeout)
    I2C_WaitOnSTOPFlagUntilTimeout           0x080028ed   Thumb Code    76  stm32l4xx_hal_i2c.o(i.I2C_WaitOnSTOPFlagUntilTimeout)
    i.I2C_WaitOnTXISFlagUntilTimeout         0x08002938   Section        0  stm32l4xx_hal_i2c.o(i.I2C_WaitOnTXISFlagUntilTimeout)
    I2C_WaitOnTXISFlagUntilTimeout           0x08002939   Thumb Code    80  stm32l4xx_hal_i2c.o(i.I2C_WaitOnTXISFlagUntilTimeout)
    i.LL_ADC_GetOffsetChannel                0x08002988   Section        0  stm32l4xx_hal_adc.o(i.LL_ADC_GetOffsetChannel)
    LL_ADC_GetOffsetChannel                  0x08002989   Thumb Code    12  stm32l4xx_hal_adc.o(i.LL_ADC_GetOffsetChannel)
    i.LL_ADC_INJ_IsConversionOngoing         0x08002994   Section        0  stm32l4xx_hal_adc.o(i.LL_ADC_INJ_IsConversionOngoing)
    LL_ADC_INJ_IsConversionOngoing           0x08002995   Thumb Code     8  stm32l4xx_hal_adc.o(i.LL_ADC_INJ_IsConversionOngoing)
    i.LL_ADC_REG_IsConversionOngoing         0x0800299c   Section        0  stm32l4xx_hal_adc.o(i.LL_ADC_REG_IsConversionOngoing)
    LL_ADC_REG_IsConversionOngoing           0x0800299d   Thumb Code     8  stm32l4xx_hal_adc.o(i.LL_ADC_REG_IsConversionOngoing)
    i.LL_ADC_REG_IsConversionOngoing         0x080029a4   Section        0  stm32l4xx_hal_adc_ex.o(i.LL_ADC_REG_IsConversionOngoing)
    LL_ADC_REG_IsConversionOngoing           0x080029a5   Thumb Code     8  stm32l4xx_hal_adc_ex.o(i.LL_ADC_REG_IsConversionOngoing)
    i.LL_ADC_REG_IsTriggerSourceSWStart      0x080029ac   Section        0  stm32l4xx_hal_adc.o(i.LL_ADC_REG_IsTriggerSourceSWStart)
    LL_ADC_REG_IsTriggerSourceSWStart        0x080029ad   Thumb Code    16  stm32l4xx_hal_adc.o(i.LL_ADC_REG_IsTriggerSourceSWStart)
    i.LL_ADC_SetChannelSamplingTime          0x080029bc   Section        0  stm32l4xx_hal_adc.o(i.LL_ADC_SetChannelSamplingTime)
    LL_ADC_SetChannelSamplingTime            0x080029bd   Thumb Code    30  stm32l4xx_hal_adc.o(i.LL_ADC_SetChannelSamplingTime)
    i.LL_ADC_SetOffsetState                  0x080029da   Section        0  stm32l4xx_hal_adc.o(i.LL_ADC_SetOffsetState)
    LL_ADC_SetOffsetState                    0x080029db   Thumb Code    16  stm32l4xx_hal_adc.o(i.LL_ADC_SetOffsetState)
    i.MX_ADC1_Init                           0x080029ec   Section        0  adc.o(i.MX_ADC1_Init)
    i.MX_ADC2_Init                           0x08002a7c   Section        0  adc.o(i.MX_ADC2_Init)
    i.MX_DMA_Init                            0x08002af4   Section        0  dma.o(i.MX_DMA_Init)
    i.MX_GPIO_Init                           0x08002b30   Section        0  gpio.o(i.MX_GPIO_Init)
    i.MX_I2C1_Init                           0x08002b90   Section        0  i2c.o(i.MX_I2C1_Init)
    i.MX_I2C2_Init                           0x08002be8   Section        0  i2c.o(i.MX_I2C2_Init)
    i.MX_USART1_UART_Init                    0x08002c40   Section        0  usart.o(i.MX_USART1_UART_Init)
    i.MemManage_Handler                      0x08002c7c   Section        0  stm32l4xx_it.o(i.MemManage_Handler)
    i.NMI_Handler                            0x08002c7e   Section        0  stm32l4xx_it.o(i.NMI_Handler)
    i.PendSV_Handler                         0x08002c80   Section        0  stm32l4xx_it.o(i.PendSV_Handler)
    i.RCC_SetFlashLatencyFromMSIRange        0x08002c84   Section        0  stm32l4xx_hal_rcc.o(i.RCC_SetFlashLatencyFromMSIRange)
    RCC_SetFlashLatencyFromMSIRange          0x08002c85   Thumb Code   116  stm32l4xx_hal_rcc.o(i.RCC_SetFlashLatencyFromMSIRange)
    i.ReadByte                               0x08002d00   Section        0  vl6180x.o(i.ReadByte)
    i.SVC_Handler                            0x08002d38   Section        0  stm32l4xx_it.o(i.SVC_Handler)
    i.SysTick_Handler                        0x08002d3a   Section        0  stm32l4xx_it.o(i.SysTick_Handler)
    i.SystemClock_Config                     0x08002d3e   Section        0  main.o(i.SystemClock_Config)
    i.SystemInit                             0x08002dac   Section        0  system_stm32l4xx.o(i.SystemInit)
    i.UART_AdvFeatureConfig                  0x08002dbc   Section        0  stm32l4xx_hal_uart.o(i.UART_AdvFeatureConfig)
    i.UART_CheckIdleState                    0x08002e84   Section        0  stm32l4xx_hal_uart.o(i.UART_CheckIdleState)
    i.UART_SetConfig                         0x08002ee0   Section        0  stm32l4xx_hal_uart.o(i.UART_SetConfig)
    i.UART_WaitOnFlagUntilTimeout            0x080030e0   Section        0  stm32l4xx_hal_uart.o(i.UART_WaitOnFlagUntilTimeout)
    i.UsageFault_Handler                     0x080031a6   Section        0  stm32l4xx_it.o(i.UsageFault_Handler)
    i.VL6180X_Clear_Interrupts               0x080031a8   Section        0  vl6180x.o(i.VL6180X_Clear_Interrupts)
    i.VL6180X_Init                           0x080031b6   Section        0  vl6180x.o(i.VL6180X_Init)
    i.VL6180X_Poll_Range                     0x080031d8   Section        0  vl6180x.o(i.VL6180X_Poll_Range)
    i.VL6180X_Read_Range                     0x080031f6   Section        0  vl6180x.o(i.VL6180X_Read_Range)
    i.VL6180X_Start_Range                    0x080031fc   Section        0  vl6180x.o(i.VL6180X_Start_Range)
    i.VL_InitDevice                          0x0800320a   Section        0  vl6180x.o(i.VL_InitDevice)
    i.WriteByte                              0x08003360   Section        0  vl6180x.o(i.WriteByte)
    i.__NVIC_SetPriority                     0x08003388   Section        0  stm32l4xx_hal_cortex.o(i.__NVIC_SetPriority)
    __NVIC_SetPriority                       0x08003389   Thumb Code    32  stm32l4xx_hal_cortex.o(i.__NVIC_SetPriority)
    i.bno055_acc                             0x080033a8   Section        0  bno055.o(i.bno055_acc)
    i.bno055_acc_conf                        0x08003428   Section        0  bno055.o(i.bno055_acc_conf)
    i.bno055_acc_x                           0x0800349c   Section        0  bno055.o(i.bno055_acc_x)
    i.bno055_acc_y                           0x080034f4   Section        0  bno055.o(i.bno055_acc_y)
    i.bno055_acc_z                           0x0800354c   Section        0  bno055.o(i.bno055_acc_z)
    i.bno055_euler                           0x080035a4   Section        0  bno055.o(i.bno055_euler)
    i.bno055_euler_pitch                     0x08003624   Section        0  bno055.o(i.bno055_euler_pitch)
    i.bno055_euler_roll                      0x0800367c   Section        0  bno055.o(i.bno055_euler_roll)
    i.bno055_euler_yaw                       0x080036d4   Section        0  bno055.o(i.bno055_euler_yaw)
    i.bno055_gravity                         0x0800372c   Section        0  bno055.o(i.bno055_gravity)
    i.bno055_gravity_x                       0x080037ac   Section        0  bno055.o(i.bno055_gravity_x)
    i.bno055_gravity_y                       0x08003804   Section        0  bno055.o(i.bno055_gravity_y)
    i.bno055_gravity_z                       0x0800385c   Section        0  bno055.o(i.bno055_gravity_z)
    i.bno055_gyr_conf                        0x080038b4   Section        0  bno055.o(i.bno055_gyr_conf)
    i.bno055_gyro                            0x08003928   Section        0  bno055.o(i.bno055_gyro)
    i.bno055_gyro_x                          0x080039a8   Section        0  bno055.o(i.bno055_gyro_x)
    i.bno055_gyro_y                          0x08003a00   Section        0  bno055.o(i.bno055_gyro_y)
    i.bno055_gyro_z                          0x08003a58   Section        0  bno055.o(i.bno055_gyro_z)
    i.bno055_init                            0x08003ab0   Section        0  bno055.o(i.bno055_init)
    i.bno055_linear_acc                      0x08003c60   Section        0  bno055.o(i.bno055_linear_acc)
    i.bno055_linear_acc_x                    0x08003ce0   Section        0  bno055.o(i.bno055_linear_acc_x)
    i.bno055_linear_acc_y                    0x08003d38   Section        0  bno055.o(i.bno055_linear_acc_y)
    i.bno055_linear_acc_z                    0x08003d90   Section        0  bno055.o(i.bno055_linear_acc_z)
    i.bno055_mag                             0x08003de8   Section        0  bno055.o(i.bno055_mag)
    i.bno055_mag_conf                        0x08003e60   Section        0  bno055.o(i.bno055_mag_conf)
    i.bno055_mag_x                           0x08003ed4   Section        0  bno055.o(i.bno055_mag_x)
    i.bno055_mag_y                           0x08003f24   Section        0  bno055.o(i.bno055_mag_y)
    i.bno055_mag_z                           0x08003f74   Section        0  bno055.o(i.bno055_mag_z)
    i.bno055_on                              0x08003fc4   Section        0  bno055.o(i.bno055_on)
    i.bno055_quaternion                      0x08003ffc   Section        0  bno055.o(i.bno055_quaternion)
    i.bno055_quaternion_w                    0x08004088   Section        0  bno055.o(i.bno055_quaternion_w)
    i.bno055_quaternion_x                    0x080040d8   Section        0  bno055.o(i.bno055_quaternion_x)
    i.bno055_quaternion_y                    0x08004128   Section        0  bno055.o(i.bno055_quaternion_y)
    i.bno055_quaternion_z                    0x08004178   Section        0  bno055.o(i.bno055_quaternion_z)
    i.bno055_read_regs                       0x080041c8   Section        0  bno055.o(i.bno055_read_regs)
    i.bno055_reset                           0x08004200   Section        0  bno055.o(i.bno055_reset)
    i.bno055_set_opmode                      0x08004236   Section        0  bno055.o(i.bno055_set_opmode)
    i.bno055_set_page                        0x0800426c   Section        0  bno055.o(i.bno055_set_page)
    i.bno055_set_pwr_mode                    0x080042bc   Section        0  bno055.o(i.bno055_set_pwr_mode)
    i.bno055_temperature                     0x0800432c   Section        0  bno055.o(i.bno055_temperature)
    i.bno055_write_regs                      0x08004372   Section        0  bno055.o(i.bno055_write_regs)
    i.flash                                  0x08004398   Section        0  main.o(i.flash)
    i.main                                   0x080043a8   Section        0  main.o(i.main)
    i.send2App                               0x08005678   Section        0  main.o(i.send2App)
    x$fpl$d2f                                0x08005694   Section       98  d2f.o(x$fpl$d2f)
    $v0                                      0x08005694   Number         0  d2f.o(x$fpl$d2f)
    x$fpl$dadd                               0x080056f8   Section      336  daddsub_clz.o(x$fpl$dadd)
    $v0                                      0x080056f8   Number         0  daddsub_clz.o(x$fpl$dadd)
    _dadd1                                   0x08005709   Thumb Code     0  daddsub_clz.o(x$fpl$dadd)
    x$fpl$dmul                               0x08005848   Section      340  dmul.o(x$fpl$dmul)
    $v0                                      0x08005848   Number         0  dmul.o(x$fpl$dmul)
    x$fpl$dnaninf                            0x0800599c   Section      156  dnaninf.o(x$fpl$dnaninf)
    $v0                                      0x0800599c   Number         0  dnaninf.o(x$fpl$dnaninf)
    x$fpl$dretinf                            0x08005a38   Section       12  dretinf.o(x$fpl$dretinf)
    $v0                                      0x08005a38   Number         0  dretinf.o(x$fpl$dretinf)
    x$fpl$dsub                               0x08005a44   Section      468  daddsub_clz.o(x$fpl$dsub)
    $v0                                      0x08005a44   Number         0  daddsub_clz.o(x$fpl$dsub)
    _dsub1                                   0x08005a55   Thumb Code     0  daddsub_clz.o(x$fpl$dsub)
    x$fpl$f2d                                0x08005c18   Section       86  f2d.o(x$fpl$f2d)
    $v0                                      0x08005c18   Number         0  f2d.o(x$fpl$f2d)
    x$fpl$fnaninf                            0x08005c6e   Section      140  fnaninf.o(x$fpl$fnaninf)
    $v0                                      0x08005c6e   Number         0  fnaninf.o(x$fpl$fnaninf)
    x$fpl$fpinit                             0x08005cfa   Section       10  fpinit.o(x$fpl$fpinit)
    $v0                                      0x08005cfa   Number         0  fpinit.o(x$fpl$fpinit)
    x$fpl$fretinf                            0x08005d04   Section       10  fretinf.o(x$fpl$fretinf)
    $v0                                      0x08005d04   Number         0  fretinf.o(x$fpl$fretinf)
    x$fpl$usenofp                            0x08005d0e   Section        0  usenofp.o(x$fpl$usenofp)
    .constdata                               0x08005d10   Section      344  main.o(.constdata)
    <Data1>                                  0x08005d10   Data         172  main.o(.constdata)
    <Data2>                                  0x08005dbc   Data         172  main.o(.constdata)
    .constdata                               0x08005e68   Section       64  system_stm32l4xx.o(.constdata)
    .constdata                               0x08005ea8   Section        8  system_stm32l4xx.o(.constdata)
    .data                                    0x20000000   Section      137  main.o(.data)
    .data                                    0x2000008c   Section        4  adc.o(.data)
    HAL_RCC_ADC_CLK_ENABLED                  0x2000008c   Data           4  adc.o(.data)
    .data                                    0x20000090   Section       12  stm32l4xx_hal.o(.data)
    .data                                    0x2000009c   Section        4  system_stm32l4xx.o(.data)
    .bss                                     0x200000a0   Section      344  main.o(.bss)
    .bss                                     0x200001f8   Section      200  adc.o(.bss)
    .bss                                     0x200002c0   Section      312  i2c.o(.bss)
    .bss                                     0x200003f8   Section      132  usart.o(.bss)
    .bss                                     0x2000047c   Section       96  libspace.o(.bss)
    HEAP                                     0x200004e0   Section      512  startup_stm32l412xx.o(HEAP)
    Heap_Mem                                 0x200004e0   Data         512  startup_stm32l412xx.o(HEAP)
    STACK                                    0x200006e0   Section     1024  startup_stm32l412xx.o(STACK)
    Stack_Mem                                0x200006e0   Data        1024  startup_stm32l412xx.o(STACK)
    __initial_sp                             0x20000ae0   Data           0  startup_stm32l412xx.o(STACK)

    Global Symbols

    Symbol Name                              Value     Ov Type        Size  Object(Section)

    BuildAttributes$$THM_ISAv4$E$P$D$K$B$S$7EM$VFPi3$EXTD16$VFPS$VFMA$PE$A:L22UL41UL21$X:L11$S22US41US21$IEEE1$IW$USESV6$~STKCKD$USESV7$~SHL$OSPACE$ROPI$EBA8$UX$STANDARDLIB$REQ8$PRES8$EABIv2 0x00000000   Number         0  anon$$obj.o ABSOLUTE
    __ARM_use_no_argv                        0x00000000   Number         0  main.o ABSOLUTE
    __ARM_exceptions_init                     - Undefined Weak Reference
    __alloca_initialize                       - Undefined Weak Reference
    __arm_fini_                               - Undefined Weak Reference
    __arm_preinit_                            - Undefined Weak Reference
    __cpp_initialize__aeabi_                  - Undefined Weak Reference
    __cxa_finalize                            - Undefined Weak Reference
    __rt_locale                               - Undefined Weak Reference
    __sigvec_lookup                           - Undefined Weak Reference
    _atexit_init                              - Undefined Weak Reference
    _call_atexit_fns                          - Undefined Weak Reference
    _clock_init                               - Undefined Weak Reference
    _fp_trap_init                             - Undefined Weak Reference
    _fp_trap_shutdown                         - Undefined Weak Reference
    _get_lc_collate                           - Undefined Weak Reference
    _get_lc_ctype                             - Undefined Weak Reference
    _get_lc_monetary                          - Undefined Weak Reference
    _get_lc_numeric                           - Undefined Weak Reference
    _get_lc_time                              - Undefined Weak Reference
    _getenv_init                              - Undefined Weak Reference
    _handle_redirection                       - Undefined Weak Reference
    _init_alloc                               - Undefined Weak Reference
    _init_user_alloc                          - Undefined Weak Reference
    _initio                                   - Undefined Weak Reference
    _rand_init                                - Undefined Weak Reference
    _signal_finish                            - Undefined Weak Reference
    _signal_init                              - Undefined Weak Reference
    _terminate_alloc                          - Undefined Weak Reference
    _terminate_user_alloc                     - Undefined Weak Reference
    _terminateio                              - Undefined Weak Reference
    __Vectors_Size                           0x0000018c   Number         0  startup_stm32l412xx.o ABSOLUTE
    __Vectors                                0x08000000   Data           4  startup_stm32l412xx.o(RESET)
    __Vectors_End                            0x0800018c   Data           0  startup_stm32l412xx.o(RESET)
    __main                                   0x0800018d   Thumb Code     8  __main.o(!!!main)
    __scatterload                            0x08000195   Thumb Code     0  __scatter.o(!!!scatter)
    __scatterload_rt2                        0x08000195   Thumb Code    44  __scatter.o(!!!scatter)
    __scatterload_rt2_thumb_only             0x08000195   Thumb Code     0  __scatter.o(!!!scatter)
    __scatterload_null                       0x080001a3   Thumb Code     0  __scatter.o(!!!scatter)
    __scatterload_copy                       0x080001c9   Thumb Code    26  __scatter_copy.o(!!handler_copy)
    __scatterload_zeroinit                   0x080001e5   Thumb Code    28  __scatter_zi.o(!!handler_zi)
    __rt_lib_init                            0x08000201   Thumb Code     0  libinit.o(.ARM.Collect$$libinit$$00000000)
    __rt_lib_init_fp_1                       0x08000203   Thumb Code     0  libinit2.o(.ARM.Collect$$libinit$$00000001)
    __rt_lib_init_alloca_1                   0x08000207   Thumb Code     0  libinit2.o(.ARM.Collect$$libinit$$0000002E)
    __rt_lib_init_argv_1                     0x08000207   Thumb Code     0  libinit2.o(.ARM.Collect$$libinit$$0000002C)
    __rt_lib_init_atexit_1                   0x08000207   Thumb Code     0  libinit2.o(.ARM.Collect$$libinit$$0000001B)
    __rt_lib_init_clock_1                    0x08000207   Thumb Code     0  libinit2.o(.ARM.Collect$$libinit$$00000021)
    __rt_lib_init_cpp_1                      0x08000207   Thumb Code     0  libinit2.o(.ARM.Collect$$libinit$$00000032)
    __rt_lib_init_exceptions_1               0x08000207   Thumb Code     0  libinit2.o(.ARM.Collect$$libinit$$00000030)
    __rt_lib_init_fp_trap_1                  0x08000207   Thumb Code     0  libinit2.o(.ARM.Collect$$libinit$$0000001F)
    __rt_lib_init_getenv_1                   0x08000207   Thumb Code     0  libinit2.o(.ARM.Collect$$libinit$$00000023)
    __rt_lib_init_heap_1                     0x08000207   Thumb Code     0  libinit2.o(.ARM.Collect$$libinit$$0000000A)
    __rt_lib_init_lc_collate_1               0x08000207   Thumb Code     0  libinit2.o(.ARM.Collect$$libinit$$00000011)
    __rt_lib_init_lc_ctype_1                 0x08000207   Thumb Code     0  libinit2.o(.ARM.Collect$$libinit$$00000013)
    __rt_lib_init_lc_monetary_1              0x08000207   Thumb Code     0  libinit2.o(.ARM.Collect$$libinit$$00000015)
    __rt_lib_init_lc_numeric_1               0x08000207   Thumb Code     0  libinit2.o(.ARM.Collect$$libinit$$00000017)
    __rt_lib_init_lc_time_1                  0x08000207   Thumb Code     0  libinit2.o(.ARM.Collect$$libinit$$00000019)
    __rt_lib_init_preinit_1                  0x08000207   Thumb Code     0  libinit2.o(.ARM.Collect$$libinit$$00000004)
    __rt_lib_init_rand_1                     0x08000207   Thumb Code     0  libinit2.o(.ARM.Collect$$libinit$$0000000E)
    __rt_lib_init_return                     0x08000207   Thumb Code     0  libinit2.o(.ARM.Collect$$libinit$$00000033)
    __rt_lib_init_signal_1                   0x08000207   Thumb Code     0  libinit2.o(.ARM.Collect$$libinit$$0000001D)
    __rt_lib_init_stdio_1                    0x08000207   Thumb Code     0  libinit2.o(.ARM.Collect$$libinit$$00000025)
    __rt_lib_init_user_alloc_1               0x08000207   Thumb Code     0  libinit2.o(.ARM.Collect$$libinit$$0000000C)
    __rt_lib_shutdown                        0x08000209   Thumb Code     0  libshutdown.o(.ARM.Collect$$libshutdown$$00000000)
    __rt_lib_shutdown_cpp_1                  0x0800020b   Thumb Code     0  libshutdown2.o(.ARM.Collect$$libshutdown$$00000004)
    __rt_lib_shutdown_fini_1                 0x0800020b   Thumb Code     0  libshutdown2.o(.ARM.Collect$$libshutdown$$00000002)
    __rt_lib_shutdown_fp_trap_1              0x0800020b   Thumb Code     0  libshutdown2.o(.ARM.Collect$$libshutdown$$00000009)
    __rt_lib_shutdown_heap_1                 0x0800020b   Thumb Code     0  libshutdown2.o(.ARM.Collect$$libshutdown$$00000011)
    __rt_lib_shutdown_return                 0x0800020b   Thumb Code     0  libshutdown2.o(.ARM.Collect$$libshutdown$$00000012)
    __rt_lib_shutdown_signal_1               0x0800020b   Thumb Code     0  libshutdown2.o(.ARM.Collect$$libshutdown$$0000000C)
    __rt_lib_shutdown_stdio_1                0x0800020b   Thumb Code     0  libshutdown2.o(.ARM.Collect$$libshutdown$$00000006)
    __rt_lib_shutdown_user_alloc_1           0x0800020b   Thumb Code     0  libshutdown2.o(.ARM.Collect$$libshutdown$$0000000E)
    __rt_entry                               0x0800020d   Thumb Code     0  __rtentry.o(.ARM.Collect$$rtentry$$00000000)
    __rt_entry_presh_1                       0x0800020d   Thumb Code     0  __rtentry2.o(.ARM.Collect$$rtentry$$00000002)
    __rt_entry_sh                            0x0800020d   Thumb Code     0  __rtentry4.o(.ARM.Collect$$rtentry$$00000004)
    __rt_entry_li                            0x08000213   Thumb Code     0  __rtentry2.o(.ARM.Collect$$rtentry$$0000000A)
    __rt_entry_postsh_1                      0x08000213   Thumb Code     0  __rtentry2.o(.ARM.Collect$$rtentry$$00000009)
    __rt_entry_main                          0x08000217   Thumb Code     0  __rtentry2.o(.ARM.Collect$$rtentry$$0000000D)
    __rt_entry_postli_1                      0x08000217   Thumb Code     0  __rtentry2.o(.ARM.Collect$$rtentry$$0000000C)
    __rt_exit                                0x0800021f   Thumb Code     0  rtexit.o(.ARM.Collect$$rtexit$$00000000)
    __rt_exit_ls                             0x08000221   Thumb Code     0  rtexit2.o(.ARM.Collect$$rtexit$$00000003)
    __rt_exit_prels_1                        0x08000221   Thumb Code     0  rtexit2.o(.ARM.Collect$$rtexit$$00000002)
    __rt_exit_exit                           0x08000225   Thumb Code     0  rtexit2.o(.ARM.Collect$$rtexit$$00000004)
    Reset_Handler                            0x0800022d   Thumb Code     8  startup_stm32l412xx.o(.text)
    ADC1_2_IRQHandler                        0x08000247   Thumb Code     0  startup_stm32l412xx.o(.text)
    COMP_IRQHandler                          0x08000247   Thumb Code     0  startup_stm32l412xx.o(.text)
    CRS_IRQHandler                           0x08000247   Thumb Code     0  startup_stm32l412xx.o(.text)
    DMA1_Channel1_IRQHandler                 0x08000247   Thumb Code     0  startup_stm32l412xx.o(.text)
    DMA1_Channel2_IRQHandler                 0x08000247   Thumb Code     0  startup_stm32l412xx.o(.text)
    DMA1_Channel3_IRQHandler                 0x08000247   Thumb Code     0  startup_stm32l412xx.o(.text)
    DMA1_Channel4_IRQHandler                 0x08000247   Thumb Code     0  startup_stm32l412xx.o(.text)
    DMA1_Channel5_IRQHandler                 0x08000247   Thumb Code     0  startup_stm32l412xx.o(.text)
    DMA2_Channel1_IRQHandler                 0x08000247   Thumb Code     0  startup_stm32l412xx.o(.text)
    DMA2_Channel2_IRQHandler                 0x08000247   Thumb Code     0  startup_stm32l412xx.o(.text)
    DMA2_Channel3_IRQHandler                 0x08000247   Thumb Code     0  startup_stm32l412xx.o(.text)
    DMA2_Channel4_IRQHandler                 0x08000247   Thumb Code     0  startup_stm32l412xx.o(.text)
    DMA2_Channel5_IRQHandler                 0x08000247   Thumb Code     0  startup_stm32l412xx.o(.text)
    DMA2_Channel6_IRQHandler                 0x08000247   Thumb Code     0  startup_stm32l412xx.o(.text)
    DMA2_Channel7_IRQHandler                 0x08000247   Thumb Code     0  startup_stm32l412xx.o(.text)
    EXTI0_IRQHandler                         0x08000247   Thumb Code     0  startup_stm32l412xx.o(.text)
    EXTI15_10_IRQHandler                     0x08000247   Thumb Code     0  startup_stm32l412xx.o(.text)
    EXTI1_IRQHandler                         0x08000247   Thumb Code     0  startup_stm32l412xx.o(.text)
    EXTI2_IRQHandler                         0x08000247   Thumb Code     0  startup_stm32l412xx.o(.text)
    EXTI3_IRQHandler                         0x08000247   Thumb Code     0  startup_stm32l412xx.o(.text)
    EXTI4_IRQHandler                         0x08000247   Thumb Code     0  startup_stm32l412xx.o(.text)
    EXTI9_5_IRQHandler                       0x08000247   Thumb Code     0  startup_stm32l412xx.o(.text)
    FLASH_IRQHandler                         0x08000247   Thumb Code     0  startup_stm32l412xx.o(.text)
    FPU_IRQHandler                           0x08000247   Thumb Code     0  startup_stm32l412xx.o(.text)
    I2C1_ER_IRQHandler                       0x08000247   Thumb Code     0  startup_stm32l412xx.o(.text)
    I2C1_EV_IRQHandler                       0x08000247   Thumb Code     0  startup_stm32l412xx.o(.text)
    I2C2_ER_IRQHandler                       0x08000247   Thumb Code     0  startup_stm32l412xx.o(.text)
    I2C2_EV_IRQHandler                       0x08000247   Thumb Code     0  startup_stm32l412xx.o(.text)
    I2C3_ER_IRQHandler                       0x08000247   Thumb Code     0  startup_stm32l412xx.o(.text)
    I2C3_EV_IRQHandler                       0x08000247   Thumb Code     0  startup_stm32l412xx.o(.text)
    LPTIM1_IRQHandler                        0x08000247   Thumb Code     0  startup_stm32l412xx.o(.text)
    LPTIM2_IRQHandler                        0x08000247   Thumb Code     0  startup_stm32l412xx.o(.text)
    LPUART1_IRQHandler                       0x08000247   Thumb Code     0  startup_stm32l412xx.o(.text)
    PVD_PVM_IRQHandler                       0x08000247   Thumb Code     0  startup_stm32l412xx.o(.text)
    QUADSPI_IRQHandler                       0x08000247   Thumb Code     0  startup_stm32l412xx.o(.text)
    RCC_IRQHandler                           0x08000247   Thumb Code     0  startup_stm32l412xx.o(.text)
    RNG_IRQHandler                           0x08000247   Thumb Code     0  startup_stm32l412xx.o(.text)
    RTC_Alarm_IRQHandler                     0x08000247   Thumb Code     0  startup_stm32l412xx.o(.text)
    RTC_WKUP_IRQHandler                      0x08000247   Thumb Code     0  startup_stm32l412xx.o(.text)
    SPI1_IRQHandler                          0x08000247   Thumb Code     0  startup_stm32l412xx.o(.text)
    SPI2_IRQHandler                          0x08000247   Thumb Code     0  startup_stm32l412xx.o(.text)
    TAMP_STAMP_IRQHandler                    0x08000247   Thumb Code     0  startup_stm32l412xx.o(.text)
    TIM1_BRK_TIM15_IRQHandler                0x08000247   Thumb Code     0  startup_stm32l412xx.o(.text)
    TIM1_CC_IRQHandler                       0x08000247   Thumb Code     0  startup_stm32l412xx.o(.text)
    TIM1_TRG_COM_IRQHandler                  0x08000247   Thumb Code     0  startup_stm32l412xx.o(.text)
    TIM1_UP_TIM16_IRQHandler                 0x08000247   Thumb Code     0  startup_stm32l412xx.o(.text)
    TIM2_IRQHandler                          0x08000247   Thumb Code     0  startup_stm32l412xx.o(.text)
    TIM6_IRQHandler                          0x08000247   Thumb Code     0  startup_stm32l412xx.o(.text)
    TSC_IRQHandler                           0x08000247   Thumb Code     0  startup_stm32l412xx.o(.text)
    USART1_IRQHandler                        0x08000247   Thumb Code     0  startup_stm32l412xx.o(.text)
    USART2_IRQHandler                        0x08000247   Thumb Code     0  startup_stm32l412xx.o(.text)
    USART3_IRQHandler                        0x08000247   Thumb Code     0  startup_stm32l412xx.o(.text)
    USB_IRQHandler                           0x08000247   Thumb Code     0  startup_stm32l412xx.o(.text)
    WWDG_IRQHandler                          0x08000247   Thumb Code     0  startup_stm32l412xx.o(.text)
    __user_initial_stackheap                 0x08000249   Thumb Code     0  startup_stm32l412xx.o(.text)
    __aeabi_uldivmod                         0x0800026d   Thumb Code     0  lludivv7m.o(.text)
    _ll_udiv                                 0x0800026d   Thumb Code   238  lludivv7m.o(.text)
    __aeabi_memcpy4                          0x0800035b   Thumb Code     0  rt_memcpy_w.o(.text)
    __aeabi_memcpy8                          0x0800035b   Thumb Code     0  rt_memcpy_w.o(.text)
    __rt_memcpy_w                            0x0800035b   Thumb Code   100  rt_memcpy_w.o(.text)
    _memcpy_lastbytes_aligned                0x080003a3   Thumb Code     0  rt_memcpy_w.o(.text)
    __aeabi_memclr4                          0x080003bf   Thumb Code     0  rt_memclr_w.o(.text)
    __aeabi_memclr8                          0x080003bf   Thumb Code     0  rt_memclr_w.o(.text)
    __rt_memclr_w                            0x080003bf   Thumb Code    78  rt_memclr_w.o(.text)
    _memset_w                                0x080003c3   Thumb Code     0  rt_memclr_w.o(.text)
    __use_two_region_memory                  0x0800040d   Thumb Code     2  heapauxi.o(.text)
    __rt_heap_escrow$2region                 0x0800040f   Thumb Code     2  heapauxi.o(.text)
    __rt_heap_expand$2region                 0x08000411   Thumb Code     2  heapauxi.o(.text)
    __user_setup_stackheap                   0x08000413   Thumb Code    74  sys_stackheap_outer.o(.text)
    exit                                     0x0800045d   Thumb Code    18  exit.o(.text)
    __user_libspace                          0x08000471   Thumb Code     8  libspace.o(.text)
    __user_perproc_libspace                  0x08000471   Thumb Code     0  libspace.o(.text)
    __user_perthread_libspace                0x08000471   Thumb Code     0  libspace.o(.text)
    _sys_exit                                0x08000479   Thumb Code     8  sys_exit.o(.text)
    __I$use$semihosting                      0x08000485   Thumb Code     0  use_no_semi.o(.text)
    __use_no_semihosting_swi                 0x08000485   Thumb Code     2  use_no_semi.o(.text)
    __semihosting_library_function           0x08000487   Thumb Code     0  indicate_semi.o(.text)
    ADC_Enable                               0x08000489   Thumb Code   154  stm32l4xx_hal_adc.o(i.ADC_Enable)
    BusFault_Handler                         0x08000535   Thumb Code     2  stm32l4xx_it.o(i.BusFault_Handler)
    DMA1_Channel6_IRQHandler                 0x08000539   Thumb Code     6  stm32l4xx_it.o(i.DMA1_Channel6_IRQHandler)
    DMA1_Channel7_IRQHandler                 0x08000545   Thumb Code     6  stm32l4xx_it.o(i.DMA1_Channel7_IRQHandler)
    DebugMon_Handler                         0x08000551   Thumb Code     2  stm32l4xx_it.o(i.DebugMon_Handler)
    Error_Handler                            0x08000553   Thumb Code     4  main.o(i.Error_Handler)
    HAL_ADCEx_MultiModeConfigChannel         0x08000559   Thumb Code   212  stm32l4xx_hal_adc_ex.o(i.HAL_ADCEx_MultiModeConfigChannel)
    HAL_ADC_ConfigChannel                    0x08000639   Thumb Code   992  stm32l4xx_hal_adc.o(i.HAL_ADC_ConfigChannel)
    HAL_ADC_GetValue                         0x08000a4b   Thumb Code     6  stm32l4xx_hal_adc.o(i.HAL_ADC_GetValue)
    HAL_ADC_Init                             0x08000a51   Thumb Code   410  stm32l4xx_hal_adc.o(i.HAL_ADC_Init)
    HAL_ADC_MspInit                          0x08000c11   Thumb Code   142  adc.o(i.HAL_ADC_MspInit)
    HAL_ADC_PollForConversion                0x08000cb1   Thumb Code   240  stm32l4xx_hal_adc.o(i.HAL_ADC_PollForConversion)
    HAL_ADC_Start                            0x08000dad   Thumb Code   228  stm32l4xx_hal_adc.o(i.HAL_ADC_Start)
    HAL_DMA_IRQHandler                       0x08000ea1   Thumb Code   186  stm32l4xx_hal_dma.o(i.HAL_DMA_IRQHandler)
    HAL_DMA_Init                             0x08000f5d   Thumb Code   178  stm32l4xx_hal_dma.o(i.HAL_DMA_Init)
    HAL_Delay                                0x0800101d   Thumb Code    32  stm32l4xx_hal.o(i.HAL_Delay)
    HAL_GPIO_Init                            0x08001041   Thumb Code   518  stm32l4xx_hal_gpio.o(i.HAL_GPIO_Init)
    HAL_GPIO_WritePin                        0x08001267   Thumb Code    10  stm32l4xx_hal_gpio.o(i.HAL_GPIO_WritePin)
    HAL_GetTick                              0x08001271   Thumb Code     6  stm32l4xx_hal.o(i.HAL_GetTick)
    HAL_I2CEx_ConfigAnalogFilter             0x0800127d   Thumb Code    86  stm32l4xx_hal_i2c_ex.o(i.HAL_I2CEx_ConfigAnalogFilter)
    HAL_I2CEx_ConfigDigitalFilter            0x080012d3   Thumb Code    82  stm32l4xx_hal_i2c_ex.o(i.HAL_I2CEx_ConfigDigitalFilter)
    HAL_I2C_Init                             0x08001325   Thumb Code   178  stm32l4xx_hal_i2c.o(i.HAL_I2C_Init)
    HAL_I2C_Master_Receive                   0x080013dd   Thumb Code   282  stm32l4xx_hal_i2c.o(i.HAL_I2C_Master_Receive)
    HAL_I2C_Master_Transmit                  0x08001509   Thumb Code   282  stm32l4xx_hal_i2c.o(i.HAL_I2C_Master_Transmit)
    HAL_I2C_Mem_Write                        0x08001635   Thumb Code   340  stm32l4xx_hal_i2c.o(i.HAL_I2C_Mem_Write)
    HAL_I2C_MspInit                          0x08001795   Thumb Code   300  i2c.o(i.HAL_I2C_MspInit)
    HAL_IncTick                              0x080018e1   Thumb Code    12  stm32l4xx_hal.o(i.HAL_IncTick)
    HAL_Init                                 0x080018f1   Thumb Code    30  stm32l4xx_hal.o(i.HAL_Init)
    HAL_InitTick                             0x08001911   Thumb Code    58  stm32l4xx_hal.o(i.HAL_InitTick)
    HAL_MspInit                              0x08001955   Thumb Code    38  stm32l4xx_hal_msp.o(i.HAL_MspInit)
    HAL_NVIC_EnableIRQ                       0x08001981   Thumb Code    26  stm32l4xx_hal_cortex.o(i.HAL_NVIC_EnableIRQ)
    HAL_NVIC_SetPriority                     0x0800199d   Thumb Code    60  stm32l4xx_hal_cortex.o(i.HAL_NVIC_SetPriority)
    HAL_NVIC_SetPriorityGrouping             0x080019dd   Thumb Code    26  stm32l4xx_hal_cortex.o(i.HAL_NVIC_SetPriorityGrouping)
    HAL_PWREx_ControlVoltageScaling          0x08001a01   Thumb Code    90  stm32l4xx_hal_pwr_ex.o(i.HAL_PWREx_ControlVoltageScaling)
    HAL_PWREx_GetVoltageRange                0x08001a69   Thumb Code    10  stm32l4xx_hal_pwr_ex.o(i.HAL_PWREx_GetVoltageRange)
    HAL_RCCEx_PeriphCLKConfig                0x08001a79   Thumb Code   486  stm32l4xx_hal_rcc_ex.o(i.HAL_RCCEx_PeriphCLKConfig)
    HAL_RCC_ClockConfig                      0x08001c69   Thumb Code   304  stm32l4xx_hal_rcc.o(i.HAL_RCC_ClockConfig)
    HAL_RCC_GetPCLK1Freq                     0x08001dad   Thumb Code    24  stm32l4xx_hal_rcc.o(i.HAL_RCC_GetPCLK1Freq)
    HAL_RCC_GetPCLK2Freq                     0x08001dd1   Thumb Code    24  stm32l4xx_hal_rcc.o(i.HAL_RCC_GetPCLK2Freq)
    HAL_RCC_GetSysClockFreq                  0x08001df5   Thumb Code   150  stm32l4xx_hal_rcc.o(i.HAL_RCC_GetSysClockFreq)
    HAL_RCC_OscConfig                        0x08001e99   Thumb Code  1462  stm32l4xx_hal_rcc.o(i.HAL_RCC_OscConfig)
    HAL_SYSTICK_Config                       0x08002459   Thumb Code    40  stm32l4xx_hal_cortex.o(i.HAL_SYSTICK_Config)
    HAL_UART_Init                            0x08002481   Thumb Code   102  stm32l4xx_hal_uart.o(i.HAL_UART_Init)
    HAL_UART_MspInit                         0x080024e9   Thumb Code   114  usart.o(i.HAL_UART_MspInit)
    HAL_UART_Transmit                        0x08002569   Thumb Code   182  stm32l4xx_hal_uart.o(i.HAL_UART_Transmit)
    HardFault_Handler                        0x0800261f   Thumb Code     2  stm32l4xx_it.o(i.HardFault_Handler)
    MX_ADC1_Init                             0x080029ed   Thumb Code   130  adc.o(i.MX_ADC1_Init)
    MX_ADC2_Init                             0x08002a7d   Thumb Code   108  adc.o(i.MX_ADC2_Init)
    MX_DMA_Init                              0x08002af5   Thumb Code    56  dma.o(i.MX_DMA_Init)
    MX_GPIO_Init                             0x08002b31   Thumb Code    86  gpio.o(i.MX_GPIO_Init)
    MX_I2C1_Init                             0x08002b91   Thumb Code    76  i2c.o(i.MX_I2C1_Init)
    MX_I2C2_Init                             0x08002be9   Thumb Code    76  i2c.o(i.MX_I2C2_Init)
    MX_USART1_UART_Init                      0x08002c41   Thumb Code    52  usart.o(i.MX_USART1_UART_Init)
    MemManage_Handler                        0x08002c7d   Thumb Code     2  stm32l4xx_it.o(i.MemManage_Handler)
    NMI_Handler                              0x08002c7f   Thumb Code     2  stm32l4xx_it.o(i.NMI_Handler)
    PendSV_Handler                           0x08002c81   Thumb Code     2  stm32l4xx_it.o(i.PendSV_Handler)
    ReadByte                                 0x08002d01   Thumb Code    50  vl6180x.o(i.ReadByte)
    SVC_Handler                              0x08002d39   Thumb Code     2  stm32l4xx_it.o(i.SVC_Handler)
    SysTick_Handler                          0x08002d3b   Thumb Code     4  stm32l4xx_it.o(i.SysTick_Handler)
    SystemClock_Config                       0x08002d3f   Thumb Code   110  main.o(i.SystemClock_Config)
    SystemInit                               0x08002dad   Thumb Code    12  system_stm32l4xx.o(i.SystemInit)
    UART_AdvFeatureConfig                    0x08002dbd   Thumb Code   200  stm32l4xx_hal_uart.o(i.UART_AdvFeatureConfig)
    UART_CheckIdleState                      0x08002e85   Thumb Code    92  stm32l4xx_hal_uart.o(i.UART_CheckIdleState)
    UART_SetConfig                           0x08002ee1   Thumb Code   478  stm32l4xx_hal_uart.o(i.UART_SetConfig)
    UART_WaitOnFlagUntilTimeout              0x080030e1   Thumb Code   198  stm32l4xx_hal_uart.o(i.UART_WaitOnFlagUntilTimeout)
    UsageFault_Handler                       0x080031a7   Thumb Code     2  stm32l4xx_it.o(i.UsageFault_Handler)
    VL6180X_Clear_Interrupts                 0x080031a9   Thumb Code    14  vl6180x.o(i.VL6180X_Clear_Interrupts)
    VL6180X_Init                             0x080031b7   Thumb Code    34  vl6180x.o(i.VL6180X_Init)
    VL6180X_Poll_Range                       0x080031d9   Thumb Code    30  vl6180x.o(i.VL6180X_Poll_Range)
    VL6180X_Read_Range                       0x080031f7   Thumb Code     6  vl6180x.o(i.VL6180X_Read_Range)
    VL6180X_Start_Range                      0x080031fd   Thumb Code    14  vl6180x.o(i.VL6180X_Start_Range)
    VL_InitDevice                            0x0800320b   Thumb Code   340  vl6180x.o(i.VL_InitDevice)
    WriteByte                                0x08003361   Thumb Code    36  vl6180x.o(i.WriteByte)
    bno055_acc                               0x080033a9   Thumb Code   124  bno055.o(i.bno055_acc)
    bno055_acc_conf                          0x08003429   Thumb Code   114  bno055.o(i.bno055_acc_conf)
    bno055_acc_x                             0x0800349d   Thumb Code    84  bno055.o(i.bno055_acc_x)
    bno055_acc_y                             0x080034f5   Thumb Code    84  bno055.o(i.bno055_acc_y)
    bno055_acc_z                             0x0800354d   Thumb Code    84  bno055.o(i.bno055_acc_z)
    bno055_euler                             0x080035a5   Thumb Code   124  bno055.o(i.bno055_euler)
    bno055_euler_pitch                       0x08003625   Thumb Code    84  bno055.o(i.bno055_euler_pitch)
    bno055_euler_roll                        0x0800367d   Thumb Code    84  bno055.o(i.bno055_euler_roll)
    bno055_euler_yaw                         0x080036d5   Thumb Code    84  bno055.o(i.bno055_euler_yaw)
    bno055_gravity                           0x0800372d   Thumb Code   124  bno055.o(i.bno055_gravity)
    bno055_gravity_x                         0x080037ad   Thumb Code    84  bno055.o(i.bno055_gravity_x)
    bno055_gravity_y                         0x08003805   Thumb Code    84  bno055.o(i.bno055_gravity_y)
    bno055_gravity_z                         0x0800385d   Thumb Code    84  bno055.o(i.bno055_gravity_z)
    bno055_gyr_conf                          0x080038b5   Thumb Code   116  bno055.o(i.bno055_gyr_conf)
    bno055_gyro                              0x08003929   Thumb Code   124  bno055.o(i.bno055_gyro)
    bno055_gyro_x                            0x080039a9   Thumb Code    84  bno055.o(i.bno055_gyro_x)
    bno055_gyro_y                            0x08003a01   Thumb Code    84  bno055.o(i.bno055_gyro_y)
    bno055_gyro_z                            0x08003a59   Thumb Code    84  bno055.o(i.bno055_gyro_z)
    bno055_init                              0x08003ab1   Thumb Code   300  bno055.o(i.bno055_init)
    bno055_linear_acc                        0x08003c61   Thumb Code   124  bno055.o(i.bno055_linear_acc)
    bno055_linear_acc_x                      0x08003ce1   Thumb Code    84  bno055.o(i.bno055_linear_acc_x)
    bno055_linear_acc_y                      0x08003d39   Thumb Code    84  bno055.o(i.bno055_linear_acc_y)
    bno055_linear_acc_z                      0x08003d91   Thumb Code    84  bno055.o(i.bno055_linear_acc_z)
    bno055_mag                               0x08003de9   Thumb Code   114  bno055.o(i.bno055_mag)
    bno055_mag_conf                          0x08003e61   Thumb Code   114  bno055.o(i.bno055_mag_conf)
    bno055_mag_x                             0x08003ed5   Thumb Code    74  bno055.o(i.bno055_mag_x)
    bno055_mag_y                             0x08003f25   Thumb Code    74  bno055.o(i.bno055_mag_y)
    bno055_mag_z                             0x08003f75   Thumb Code    74  bno055.o(i.bno055_mag_z)
    bno055_on                                0x08003fc5   Thumb Code    54  bno055.o(i.bno055_on)
    bno055_quaternion                        0x08003ffd   Thumb Code   134  bno055.o(i.bno055_quaternion)
    bno055_quaternion_w                      0x08004089   Thumb Code    74  bno055.o(i.bno055_quaternion_w)
    bno055_quaternion_x                      0x080040d9   Thumb Code    74  bno055.o(i.bno055_quaternion_x)
    bno055_quaternion_y                      0x08004129   Thumb Code    74  bno055.o(i.bno055_quaternion_y)
    bno055_quaternion_z                      0x08004179   Thumb Code    74  bno055.o(i.bno055_quaternion_z)
    bno055_read_regs                         0x080041c9   Thumb Code    56  bno055.o(i.bno055_read_regs)
    bno055_reset                             0x08004201   Thumb Code    54  bno055.o(i.bno055_reset)
    bno055_set_opmode                        0x08004237   Thumb Code    54  bno055.o(i.bno055_set_opmode)
    bno055_set_page                          0x0800426d   Thumb Code    80  bno055.o(i.bno055_set_page)
    bno055_set_pwr_mode                      0x080042bd   Thumb Code   112  bno055.o(i.bno055_set_pwr_mode)
    bno055_temperature                       0x0800432d   Thumb Code    70  bno055.o(i.bno055_temperature)
    bno055_write_regs                        0x08004373   Thumb Code    38  bno055.o(i.bno055_write_regs)
    flash                                    0x08004399   Thumb Code    12  main.o(i.flash)
    main                                     0x080043a9   Thumb Code  4806  main.o(i.main)
    send2App                                 0x08005679   Thumb Code    22  main.o(i.send2App)
    __aeabi_d2f                              0x08005695   Thumb Code     0  d2f.o(x$fpl$d2f)
    _d2f                                     0x08005695   Thumb Code    98  d2f.o(x$fpl$d2f)
    __aeabi_dadd                             0x080056f9   Thumb Code     0  daddsub_clz.o(x$fpl$dadd)
    _dadd                                    0x080056f9   Thumb Code   332  daddsub_clz.o(x$fpl$dadd)
    __aeabi_dmul                             0x08005849   Thumb Code     0  dmul.o(x$fpl$dmul)
    _dmul                                    0x08005849   Thumb Code   332  dmul.o(x$fpl$dmul)
    __fpl_dnaninf                            0x0800599d   Thumb Code   156  dnaninf.o(x$fpl$dnaninf)
    __fpl_dretinf                            0x08005a39   Thumb Code    12  dretinf.o(x$fpl$dretinf)
    __aeabi_dsub                             0x08005a45   Thumb Code     0  daddsub_clz.o(x$fpl$dsub)
    _dsub                                    0x08005a45   Thumb Code   464  daddsub_clz.o(x$fpl$dsub)
    __aeabi_f2d                              0x08005c19   Thumb Code     0  f2d.o(x$fpl$f2d)
    _f2d                                     0x08005c19   Thumb Code    86  f2d.o(x$fpl$f2d)
    __fpl_fnaninf                            0x08005c6f   Thumb Code   140  fnaninf.o(x$fpl$fnaninf)
    _fp_init                                 0x08005cfb   Thumb Code    10  fpinit.o(x$fpl$fpinit)
    __fplib_config_fpu_vfp                   0x08005d03   Thumb Code     0  fpinit.o(x$fpl$fpinit)
    __fplib_config_pureend_doubles           0x08005d03   Thumb Code     0  fpinit.o(x$fpl$fpinit)
    __fpl_fretinf                            0x08005d05   Thumb Code    10  fretinf.o(x$fpl$fretinf)
    __I$use$fp                               0x08005d0e   Number         0  usenofp.o(x$fpl$usenofp)
    AHBPrescTable                            0x08005e68   Data          16  system_stm32l4xx.o(.constdata)
    MSIRangeTable                            0x08005e78   Data          48  system_stm32l4xx.o(.constdata)
    APBPrescTable                            0x08005ea8   Data           8  system_stm32l4xx.o(.constdata)
    Region$$Table$$Base                      0x08005eb0   Number         0  anon$$obj.o(Region$$Table)
    Region$$Table$$Limit                     0x08005ed0   Number         0  anon$$obj.o(Region$$Table)
    itemCount                                0x20000000   Data           1  main.o(.data)
    IMU1PASS                                 0x20000001   Data           1  main.o(.data)
    IMU2PASS                                 0x20000002   Data           1  main.o(.data)
    FSR1_pressed                             0x20000003   Data           1  main.o(.data)
    FSR2_pressed                             0x20000004   Data           1  main.o(.data)
    readFSR1                                 0x20000006   Data           2  main.o(.data)
    readFSR2                                 0x20000008   Data           2  main.o(.data)
    sendBuffer                               0x2000000a   Data           2  main.o(.data)
    front                                    0x2000000c   Data           4  main.o(.data)
    rear                                     0x20000010   Data           4  main.o(.data)
    VL6180X_ERR                              0x20000014   Data           4  main.o(.data)
    absx                                     0x20000018   Data           4  main.o(.data)
    absy                                     0x2000001c   Data           4  main.o(.data)
    absz                                     0x20000020   Data           4  main.o(.data)
    change_x                                 0x20000024   Data           4  main.o(.data)
    change_y                                 0x20000028   Data           4  main.o(.data)
    change_z                                 0x2000002c   Data           4  main.o(.data)
    accleration_mag_buffer                   0x20000030   Data           4  main.o(.data)
    max_change                               0x20000034   Data           4  main.o(.data)
    rotate_xyz                               0x20000038   Data           4  main.o(.data)
    range                                    0x2000003c   Data           4  main.o(.data)
    STATE                                    0x20000040   Data           4  main.o(.data)
    BOOT_UP                                  0x20000044   Data           4  main.o(.data)
    euler1_x                                 0x20000048   Data           4  main.o(.data)
    euler1_y                                 0x2000004c   Data           4  main.o(.data)
    euler1_z                                 0x20000050   Data           4  main.o(.data)
    init_euler1_x                            0x20000054   Data           4  main.o(.data)
    init_euler1_y                            0x20000058   Data           4  main.o(.data)
    init_euler1_z                            0x2000005c   Data           4  main.o(.data)
    euler2_x                                 0x20000060   Data           4  main.o(.data)
    euler2_y                                 0x20000064   Data           4  main.o(.data)
    euler2_z                                 0x20000068   Data           4  main.o(.data)
    init_euler2_x                            0x2000006c   Data           4  main.o(.data)
    init_euler2_y                            0x20000070   Data           4  main.o(.data)
    init_euler2_z                            0x20000074   Data           4  main.o(.data)
    a2_x                                     0x20000078   Data           4  main.o(.data)
    a2_y                                     0x2000007c   Data           4  main.o(.data)
    a2_z                                     0x20000080   Data           4  main.o(.data)
    queue                                    0x20000084   Data           5  main.o(.data)
    uwTickFreq                               0x20000090   Data           1  stm32l4xx_hal.o(.data)
    uwTickPrio                               0x20000094   Data           4  stm32l4xx_hal.o(.data)
    uwTick                                   0x20000098   Data           4  stm32l4xx_hal.o(.data)
    SystemCoreClock                          0x2000009c   Data           4  system_stm32l4xx.o(.data)
    imu1                                     0x200000a0   Data         172  main.o(.bss)
    imu2                                     0x2000014c   Data         172  main.o(.bss)
    hadc1                                    0x200001f8   Data         100  adc.o(.bss)
    hadc2                                    0x2000025c   Data         100  adc.o(.bss)
    hi2c1                                    0x200002c0   Data          84  i2c.o(.bss)
    hi2c2                                    0x20000314   Data          84  i2c.o(.bss)
    hdma_i2c1_rx                             0x20000368   Data          72  i2c.o(.bss)
    hdma_i2c1_tx                             0x200003b0   Data          72  i2c.o(.bss)
    huart1                                   0x200003f8   Data         132  usart.o(.bss)
    __libspace_start                         0x2000047c   Data          96  libspace.o(.bss)
    __temporary_stack_top$libspace           0x200004dc   Data           0  libspace.o(.bss)



==============================================================================

Memory Map of the image

  Image Entry point : 0x0800018d

  Load Region LR_IROM1 (Base: 0x08000000, Size: 0x00005f70, Max: 0x00020000, ABSOLUTE)

    Execution Region ER_IROM1 (Exec base: 0x08000000, Load base: 0x08000000, Size: 0x00005ed0, Max: 0x00020000, ABSOLUTE)

    Exec Addr    Load Addr    Size         Type   Attr      Idx    E Section Name        Object

    0x08000000   0x08000000   0x0000018c   Data   RO            3    RESET               startup_stm32l412xx.o
    0x0800018c   0x0800018c   0x00000008   Code   RO         3855  * !!!main             c_w.l(__main.o)
    0x08000194   0x08000194   0x00000034   Code   RO         4045    !!!scatter          c_w.l(__scatter.o)
    0x080001c8   0x080001c8   0x0000001a   Code   RO         4047    !!handler_copy      c_w.l(__scatter_copy.o)
    0x080001e2   0x080001e2   0x00000002   PAD
    0x080001e4   0x080001e4   0x0000001c   Code   RO         4049    !!handler_zi        c_w.l(__scatter_zi.o)
    0x08000200   0x08000200   0x00000002   Code   RO         3913    .ARM.Collect$$libinit$$00000000  c_w.l(libinit.o)
    0x08000202   0x08000202   0x00000004   Code   RO         3925    .ARM.Collect$$libinit$$00000001  c_w.l(libinit2.o)
    0x08000206   0x08000206   0x00000000   Code   RO         3928    .ARM.Collect$$libinit$$00000004  c_w.l(libinit2.o)
    0x08000206   0x08000206   0x00000000   Code   RO         3931    .ARM.Collect$$libinit$$0000000A  c_w.l(libinit2.o)
    0x08000206   0x08000206   0x00000000   Code   RO         3933    .ARM.Collect$$libinit$$0000000C  c_w.l(libinit2.o)
    0x08000206   0x08000206   0x00000000   Code   RO         3935    .ARM.Collect$$libinit$$0000000E  c_w.l(libinit2.o)
    0x08000206   0x08000206   0x00000000   Code   RO         3938    .ARM.Collect$$libinit$$00000011  c_w.l(libinit2.o)
    0x08000206   0x08000206   0x00000000   Code   RO         3940    .ARM.Collect$$libinit$$00000013  c_w.l(libinit2.o)
    0x08000206   0x08000206   0x00000000   Code   RO         3942    .ARM.Collect$$libinit$$00000015  c_w.l(libinit2.o)
    0x08000206   0x08000206   0x00000000   Code   RO         3944    .ARM.Collect$$libinit$$00000017  c_w.l(libinit2.o)
    0x08000206   0x08000206   0x00000000   Code   RO         3946    .ARM.Collect$$libinit$$00000019  c_w.l(libinit2.o)
    0x08000206   0x08000206   0x00000000   Code   RO         3948    .ARM.Collect$$libinit$$0000001B  c_w.l(libinit2.o)
    0x08000206   0x08000206   0x00000000   Code   RO         3950    .ARM.Collect$$libinit$$0000001D  c_w.l(libinit2.o)
    0x08000206   0x08000206   0x00000000   Code   RO         3952    .ARM.Collect$$libinit$$0000001F  c_w.l(libinit2.o)
    0x08000206   0x08000206   0x00000000   Code   RO         3954    .ARM.Collect$$libinit$$00000021  c_w.l(libinit2.o)
    0x08000206   0x08000206   0x00000000   Code   RO         3956    .ARM.Collect$$libinit$$00000023  c_w.l(libinit2.o)
    0x08000206   0x08000206   0x00000000   Code   RO         3958    .ARM.Collect$$libinit$$00000025  c_w.l(libinit2.o)
    0x08000206   0x08000206   0x00000000   Code   RO         3962    .ARM.Collect$$libinit$$0000002C  c_w.l(libinit2.o)
    0x08000206   0x08000206   0x00000000   Code   RO         3964    .ARM.Collect$$libinit$$0000002E  c_w.l(libinit2.o)
    0x08000206   0x08000206   0x00000000   Code   RO         3966    .ARM.Collect$$libinit$$00000030  c_w.l(libinit2.o)
    0x08000206   0x08000206   0x00000000   Code   RO         3968    .ARM.Collect$$libinit$$00000032  c_w.l(libinit2.o)
    0x08000206   0x08000206   0x00000002   Code   RO         3969    .ARM.Collect$$libinit$$00000033  c_w.l(libinit2.o)
    0x08000208   0x08000208   0x00000002   Code   RO         4000    .ARM.Collect$$libshutdown$$00000000  c_w.l(libshutdown.o)
    0x0800020a   0x0800020a   0x00000000   Code   RO         4026    .ARM.Collect$$libshutdown$$00000002  c_w.l(libshutdown2.o)
    0x0800020a   0x0800020a   0x00000000   Code   RO         4028    .ARM.Collect$$libshutdown$$00000004  c_w.l(libshutdown2.o)
    0x0800020a   0x0800020a   0x00000000   Code   RO         4030    .ARM.Collect$$libshutdown$$00000006  c_w.l(libshutdown2.o)
    0x0800020a   0x0800020a   0x00000000   Code   RO         4033    .ARM.Collect$$libshutdown$$00000009  c_w.l(libshutdown2.o)
    0x0800020a   0x0800020a   0x00000000   Code   RO         4036    .ARM.Collect$$libshutdown$$0000000C  c_w.l(libshutdown2.o)
    0x0800020a   0x0800020a   0x00000000   Code   RO         4038    .ARM.Collect$$libshutdown$$0000000E  c_w.l(libshutdown2.o)
    0x0800020a   0x0800020a   0x00000000   Code   RO         4041    .ARM.Collect$$libshutdown$$00000011  c_w.l(libshutdown2.o)
    0x0800020a   0x0800020a   0x00000002   Code   RO         4042    .ARM.Collect$$libshutdown$$00000012  c_w.l(libshutdown2.o)
    0x0800020c   0x0800020c   0x00000000   Code   RO         3869    .ARM.Collect$$rtentry$$00000000  c_w.l(__rtentry.o)
    0x0800020c   0x0800020c   0x00000000   Code   RO         3884    .ARM.Collect$$rtentry$$00000002  c_w.l(__rtentry2.o)
    0x0800020c   0x0800020c   0x00000006   Code   RO         3896    .ARM.Collect$$rtentry$$00000004  c_w.l(__rtentry4.o)
    0x08000212   0x08000212   0x00000000   Code   RO         3886    .ARM.Collect$$rtentry$$00000009  c_w.l(__rtentry2.o)
    0x08000212   0x08000212   0x00000004   Code   RO         3887    .ARM.Collect$$rtentry$$0000000A  c_w.l(__rtentry2.o)
    0x08000216   0x08000216   0x00000000   Code   RO         3889    .ARM.Collect$$rtentry$$0000000C  c_w.l(__rtentry2.o)
    0x08000216   0x08000216   0x00000008   Code   RO         3890    .ARM.Collect$$rtentry$$0000000D  c_w.l(__rtentry2.o)
    0x0800021e   0x0800021e   0x00000002   Code   RO         3917    .ARM.Collect$$rtexit$$00000000  c_w.l(rtexit.o)
    0x08000220   0x08000220   0x00000000   Code   RO         3973    .ARM.Collect$$rtexit$$00000002  c_w.l(rtexit2.o)
    0x08000220   0x08000220   0x00000004   Code   RO         3974    .ARM.Collect$$rtexit$$00000003  c_w.l(rtexit2.o)
    0x08000224   0x08000224   0x00000006   Code   RO         3975    .ARM.Collect$$rtexit$$00000004  c_w.l(rtexit2.o)
    0x0800022a   0x0800022a   0x00000002   PAD
    0x0800022c   0x0800022c   0x00000040   Code   RO            4    .text               startup_stm32l412xx.o
    0x0800026c   0x0800026c   0x000000ee   Code   RO         3847    .text               c_w.l(lludivv7m.o)
    0x0800035a   0x0800035a   0x00000064   Code   RO         3849    .text               c_w.l(rt_memcpy_w.o)
    0x080003be   0x080003be   0x0000004e   Code   RO         3851    .text               c_w.l(rt_memclr_w.o)
    0x0800040c   0x0800040c   0x00000006   Code   RO         3853    .text               c_w.l(heapauxi.o)
    0x08000412   0x08000412   0x0000004a   Code   RO         3900    .text               c_w.l(sys_stackheap_outer.o)
    0x0800045c   0x0800045c   0x00000012   Code   RO         3902    .text               c_w.l(exit.o)
    0x0800046e   0x0800046e   0x00000002   PAD
    0x08000470   0x08000470   0x00000008   Code   RO         3914    .text               c_w.l(libspace.o)
    0x08000478   0x08000478   0x0000000c   Code   RO         3970    .text               c_w.l(sys_exit.o)
    0x08000484   0x08000484   0x00000002   Code   RO         3989    .text               c_w.l(use_no_semi.o)
    0x08000486   0x08000486   0x00000000   Code   RO         3991    .text               c_w.l(indicate_semi.o)
    0x08000486   0x08000486   0x00000002   PAD
    0x08000488   0x08000488   0x000000ac   Code   RO          919    i.ADC_Enable        stm32l4xx_hal_adc.o
    0x08000534   0x08000534   0x00000002   Code   RO          802    i.BusFault_Handler  stm32l4xx_it.o
    0x08000536   0x08000536   0x00000002   PAD
    0x08000538   0x08000538   0x0000000c   Code   RO          803    i.DMA1_Channel6_IRQHandler  stm32l4xx_it.o
    0x08000544   0x08000544   0x0000000c   Code   RO          804    i.DMA1_Channel7_IRQHandler  stm32l4xx_it.o
    0x08000550   0x08000550   0x00000002   Code   RO          805    i.DebugMon_Handler  stm32l4xx_it.o
    0x08000552   0x08000552   0x00000004   Code   RO          512    i.Error_Handler     main.o
    0x08000556   0x08000556   0x00000002   PAD
    0x08000558   0x08000558   0x000000e0   Code   RO         1162    i.HAL_ADCEx_MultiModeConfigChannel  stm32l4xx_hal_adc_ex.o
    0x08000638   0x08000638   0x00000412   Code   RO          921    i.HAL_ADC_ConfigChannel  stm32l4xx_hal_adc.o
    0x08000a4a   0x08000a4a   0x00000006   Code   RO          928    i.HAL_ADC_GetValue  stm32l4xx_hal_adc.o
    0x08000a50   0x08000a50   0x000001c0   Code   RO          930    i.HAL_ADC_Init      stm32l4xx_hal_adc.o
    0x08000c10   0x08000c10   0x000000a0   Code   RO          640    i.HAL_ADC_MspInit   adc.o
    0x08000cb0   0x08000cb0   0x000000fc   Code   RO          934    i.HAL_ADC_PollForConversion  stm32l4xx_hal_adc.o
    0x08000dac   0x08000dac   0x000000f4   Code   RO          936    i.HAL_ADC_Start     stm32l4xx_hal_adc.o
    0x08000ea0   0x08000ea0   0x000000ba   Code   RO         2098    i.HAL_DMA_IRQHandler  stm32l4xx_hal_dma.o
    0x08000f5a   0x08000f5a   0x00000002   PAD
    0x08000f5c   0x08000f5c   0x000000c0   Code   RO         2099    i.HAL_DMA_Init      stm32l4xx_hal_dma.o
    0x0800101c   0x0800101c   0x00000024   Code   RO         1358    i.HAL_Delay         stm32l4xx_hal.o
    0x08001040   0x08001040   0x00000226   Code   RO         2029    i.HAL_GPIO_Init     stm32l4xx_hal_gpio.o
    0x08001266   0x08001266   0x0000000a   Code   RO         2033    i.HAL_GPIO_WritePin  stm32l4xx_hal_gpio.o
    0x08001270   0x08001270   0x0000000c   Code   RO         1362    i.HAL_GetTick       stm32l4xx_hal.o
    0x0800127c   0x0800127c   0x00000056   Code   RO         3244    i.HAL_I2CEx_ConfigAnalogFilter  stm32l4xx_hal_i2c_ex.o
    0x080012d2   0x080012d2   0x00000052   Code   RO         3245    i.HAL_I2CEx_ConfigDigitalFilter  stm32l4xx_hal_i2c_ex.o
    0x08001324   0x08001324   0x000000b8   Code   RO         2783    i.HAL_I2C_Init      stm32l4xx_hal_i2c.o
    0x080013dc   0x080013dc   0x0000012a   Code   RO         2789    i.HAL_I2C_Master_Receive  stm32l4xx_hal_i2c.o
    0x08001506   0x08001506   0x00000002   PAD
    0x08001508   0x08001508   0x0000012a   Code   RO         2796    i.HAL_I2C_Master_Transmit  stm32l4xx_hal_i2c.o
    0x08001632   0x08001632   0x00000002   PAD
    0x08001634   0x08001634   0x0000015e   Code   RO         2804    i.HAL_I2C_Mem_Write  stm32l4xx_hal_i2c.o
    0x08001792   0x08001792   0x00000002   PAD
    0x08001794   0x08001794   0x0000014a   Code   RO          713    i.HAL_I2C_MspInit   i2c.o
    0x080018de   0x080018de   0x00000002   PAD
    0x080018e0   0x080018e0   0x00000010   Code   RO         1368    i.HAL_IncTick       stm32l4xx_hal.o
    0x080018f0   0x080018f0   0x0000001e   Code   RO         1369    i.HAL_Init          stm32l4xx_hal.o
    0x0800190e   0x0800190e   0x00000002   PAD
    0x08001910   0x08001910   0x00000044   Code   RO         1370    i.HAL_InitTick      stm32l4xx_hal.o
    0x08001954   0x08001954   0x0000002c   Code   RO          890    i.HAL_MspInit       stm32l4xx_hal_msp.o
    0x08001980   0x08001980   0x0000001a   Code   RO         2570    i.HAL_NVIC_EnableIRQ  stm32l4xx_hal_cortex.o
    0x0800199a   0x0800199a   0x00000002   PAD
    0x0800199c   0x0800199c   0x00000040   Code   RO         2576    i.HAL_NVIC_SetPriority  stm32l4xx_hal_cortex.o
    0x080019dc   0x080019dc   0x00000024   Code   RO         2577    i.HAL_NVIC_SetPriorityGrouping  stm32l4xx_hal_cortex.o
    0x08001a00   0x08001a00   0x00000068   Code   RO         2320    i.HAL_PWREx_ControlVoltageScaling  stm32l4xx_hal_pwr_ex.o
    0x08001a68   0x08001a68   0x00000010   Code   RO         2351    i.HAL_PWREx_GetVoltageRange  stm32l4xx_hal_pwr_ex.o
    0x08001a78   0x08001a78   0x000001f0   Code   RO         1682    i.HAL_RCCEx_PeriphCLKConfig  stm32l4xx_hal_rcc_ex.o
    0x08001c68   0x08001c68   0x00000144   Code   RO         1556    i.HAL_RCC_ClockConfig  stm32l4xx_hal_rcc.o
    0x08001dac   0x08001dac   0x00000024   Code   RO         1562    i.HAL_RCC_GetPCLK1Freq  stm32l4xx_hal_rcc.o
    0x08001dd0   0x08001dd0   0x00000024   Code   RO         1563    i.HAL_RCC_GetPCLK2Freq  stm32l4xx_hal_rcc.o
    0x08001df4   0x08001df4   0x000000a4   Code   RO         1565    i.HAL_RCC_GetSysClockFreq  stm32l4xx_hal_rcc.o
    0x08001e98   0x08001e98   0x000005c0   Code   RO         1568    i.HAL_RCC_OscConfig  stm32l4xx_hal_rcc.o
    0x08002458   0x08002458   0x00000028   Code   RO         2581    i.HAL_SYSTICK_Config  stm32l4xx_hal_cortex.o
    0x08002480   0x08002480   0x00000066   Code   RO         3363    i.HAL_UART_Init     stm32l4xx_hal_uart.o
    0x080024e6   0x080024e6   0x00000002   PAD
    0x080024e8   0x080024e8   0x00000080   Code   RO          761    i.HAL_UART_MspInit  usart.o
    0x08002568   0x08002568   0x000000b6   Code   RO         3372    i.HAL_UART_Transmit  stm32l4xx_hal_uart.o
    0x0800261e   0x0800261e   0x00000002   Code   RO          806    i.HardFault_Handler  stm32l4xx_it.o
    0x08002620   0x08002620   0x00000022   Code   RO         2830    i.I2C_Flush_TXDR    stm32l4xx_hal_i2c.o
    0x08002642   0x08002642   0x00000002   PAD
    0x08002644   0x08002644   0x00000120   Code   RO         2838    i.I2C_IsErrorOccurred  stm32l4xx_hal_i2c.o
    0x08002764   0x08002764   0x00000064   Code   RO         2844    i.I2C_RequestMemoryWrite  stm32l4xx_hal_i2c.o
    0x080027c8   0x080027c8   0x00000030   Code   RO         2847    i.I2C_TransferConfig  stm32l4xx_hal_i2c.o
    0x080027f8   0x080027f8   0x00000058   Code   RO         2849    i.I2C_WaitOnFlagUntilTimeout  stm32l4xx_hal_i2c.o
    0x08002850   0x08002850   0x0000009c   Code   RO         2850    i.I2C_WaitOnRXNEFlagUntilTimeout  stm32l4xx_hal_i2c.o
    0x080028ec   0x080028ec   0x0000004c   Code   RO         2851    i.I2C_WaitOnSTOPFlagUntilTimeout  stm32l4xx_hal_i2c.o
    0x08002938   0x08002938   0x00000050   Code   RO         2852    i.I2C_WaitOnTXISFlagUntilTimeout  stm32l4xx_hal_i2c.o
    0x08002988   0x08002988   0x0000000c   Code   RO          943    i.LL_ADC_GetOffsetChannel  stm32l4xx_hal_adc.o
    0x08002994   0x08002994   0x00000008   Code   RO          944    i.LL_ADC_INJ_IsConversionOngoing  stm32l4xx_hal_adc.o
    0x0800299c   0x0800299c   0x00000008   Code   RO          945    i.LL_ADC_REG_IsConversionOngoing  stm32l4xx_hal_adc.o
    0x080029a4   0x080029a4   0x00000008   Code   RO         1172    i.LL_ADC_REG_IsConversionOngoing  stm32l4xx_hal_adc_ex.o
    0x080029ac   0x080029ac   0x00000010   Code   RO          946    i.LL_ADC_REG_IsTriggerSourceSWStart  stm32l4xx_hal_adc.o
    0x080029bc   0x080029bc   0x0000001e   Code   RO          948    i.LL_ADC_SetChannelSamplingTime  stm32l4xx_hal_adc.o
    0x080029da   0x080029da   0x00000010   Code   RO          949    i.LL_ADC_SetOffsetState  stm32l4xx_hal_adc.o
    0x080029ea   0x080029ea   0x00000002   PAD
    0x080029ec   0x080029ec   0x00000090   Code   RO          641    i.MX_ADC1_Init      adc.o
    0x08002a7c   0x08002a7c   0x00000078   Code   RO          642    i.MX_ADC2_Init      adc.o
    0x08002af4   0x08002af4   0x0000003c   Code   RO          688    i.MX_DMA_Init       dma.o
    0x08002b30   0x08002b30   0x00000060   Code   RO          615    i.MX_GPIO_Init      gpio.o
    0x08002b90   0x08002b90   0x00000058   Code   RO          714    i.MX_I2C1_Init      i2c.o
    0x08002be8   0x08002be8   0x00000058   Code   RO          715    i.MX_I2C2_Init      i2c.o
    0x08002c40   0x08002c40   0x0000003c   Code   RO          762    i.MX_USART1_UART_Init  usart.o
    0x08002c7c   0x08002c7c   0x00000002   Code   RO          807    i.MemManage_Handler  stm32l4xx_it.o
    0x08002c7e   0x08002c7e   0x00000002   Code   RO          808    i.NMI_Handler       stm32l4xx_it.o
    0x08002c80   0x08002c80   0x00000002   Code   RO          809    i.PendSV_Handler    stm32l4xx_it.o
    0x08002c82   0x08002c82   0x00000002   PAD
    0x08002c84   0x08002c84   0x0000007c   Code   RO         1569    i.RCC_SetFlashLatencyFromMSIRange  stm32l4xx_hal_rcc.o
    0x08002d00   0x08002d00   0x00000038   Code   RO          403    i.ReadByte          vl6180x.o
    0x08002d38   0x08002d38   0x00000002   Code   RO          810    i.SVC_Handler       stm32l4xx_it.o
    0x08002d3a   0x08002d3a   0x00000004   Code   RO          811    i.SysTick_Handler   stm32l4xx_it.o
    0x08002d3e   0x08002d3e   0x0000006e   Code   RO          513    i.SystemClock_Config  main.o
    0x08002dac   0x08002dac   0x00000010   Code   RO         3811    i.SystemInit        system_stm32l4xx.o
    0x08002dbc   0x08002dbc   0x000000c8   Code   RO         3377    i.UART_AdvFeatureConfig  stm32l4xx_hal_uart.o
    0x08002e84   0x08002e84   0x0000005c   Code   RO         3378    i.UART_CheckIdleState  stm32l4xx_hal_uart.o
    0x08002ee0   0x08002ee0   0x00000200   Code   RO         3393    i.UART_SetConfig    stm32l4xx_hal_uart.o
    0x080030e0   0x080030e0   0x000000c6   Code   RO         3398    i.UART_WaitOnFlagUntilTimeout  stm32l4xx_hal_uart.o
    0x080031a6   0x080031a6   0x00000002   Code   RO          812    i.UsageFault_Handler  stm32l4xx_it.o
    0x080031a8   0x080031a8   0x0000000e   Code   RO          404    i.VL6180X_Clear_Interrupts  vl6180x.o
    0x080031b6   0x080031b6   0x00000022   Code   RO          405    i.VL6180X_Init      vl6180x.o
    0x080031d8   0x080031d8   0x0000001e   Code   RO          406    i.VL6180X_Poll_Range  vl6180x.o
    0x080031f6   0x080031f6   0x00000006   Code   RO          407    i.VL6180X_Read_Range  vl6180x.o
    0x080031fc   0x080031fc   0x0000000e   Code   RO          408    i.VL6180X_Start_Range  vl6180x.o
    0x0800320a   0x0800320a   0x00000154   Code   RO          409    i.VL_InitDevice     vl6180x.o
    0x0800335e   0x0800335e   0x00000002   PAD
    0x08003360   0x08003360   0x00000028   Code   RO          410    i.WriteByte         vl6180x.o
    0x08003388   0x08003388   0x00000020   Code   RO         2583    i.__NVIC_SetPriority  stm32l4xx_hal_cortex.o
    0x080033a8   0x080033a8   0x00000080   Code   RO           13    i.bno055_acc        bno055.o
    0x08003428   0x08003428   0x00000072   Code   RO           14    i.bno055_acc_conf   bno055.o
    0x0800349a   0x0800349a   0x00000002   PAD
    0x0800349c   0x0800349c   0x00000058   Code   RO           15    i.bno055_acc_x      bno055.o
    0x080034f4   0x080034f4   0x00000058   Code   RO           16    i.bno055_acc_y      bno055.o
    0x0800354c   0x0800354c   0x00000058   Code   RO           17    i.bno055_acc_z      bno055.o
    0x080035a4   0x080035a4   0x00000080   Code   RO           19    i.bno055_euler      bno055.o
    0x08003624   0x08003624   0x00000058   Code   RO           20    i.bno055_euler_pitch  bno055.o
    0x0800367c   0x0800367c   0x00000058   Code   RO           21    i.bno055_euler_roll  bno055.o
    0x080036d4   0x080036d4   0x00000058   Code   RO           22    i.bno055_euler_yaw  bno055.o
    0x0800372c   0x0800372c   0x00000080   Code   RO           23    i.bno055_gravity    bno055.o
    0x080037ac   0x080037ac   0x00000058   Code   RO           24    i.bno055_gravity_x  bno055.o
    0x08003804   0x08003804   0x00000058   Code   RO           25    i.bno055_gravity_y  bno055.o
    0x0800385c   0x0800385c   0x00000058   Code   RO           26    i.bno055_gravity_z  bno055.o
    0x080038b4   0x080038b4   0x00000074   Code   RO           27    i.bno055_gyr_conf   bno055.o
    0x08003928   0x08003928   0x00000080   Code   RO           28    i.bno055_gyro       bno055.o
    0x080039a8   0x080039a8   0x00000058   Code   RO           29    i.bno055_gyro_x     bno055.o
    0x08003a00   0x08003a00   0x00000058   Code   RO           30    i.bno055_gyro_y     bno055.o
    0x08003a58   0x08003a58   0x00000058   Code   RO           31    i.bno055_gyro_z     bno055.o
    0x08003ab0   0x08003ab0   0x000001b0   Code   RO           32    i.bno055_init       bno055.o
    0x08003c60   0x08003c60   0x00000080   Code   RO           33    i.bno055_linear_acc  bno055.o
    0x08003ce0   0x08003ce0   0x00000058   Code   RO           34    i.bno055_linear_acc_x  bno055.o
    0x08003d38   0x08003d38   0x00000058   Code   RO           35    i.bno055_linear_acc_y  bno055.o
    0x08003d90   0x08003d90   0x00000058   Code   RO           36    i.bno055_linear_acc_z  bno055.o
    0x08003de8   0x08003de8   0x00000078   Code   RO           37    i.bno055_mag        bno055.o
    0x08003e60   0x08003e60   0x00000072   Code   RO           38    i.bno055_mag_conf   bno055.o
    0x08003ed2   0x08003ed2   0x00000002   PAD
    0x08003ed4   0x08003ed4   0x00000050   Code   RO           39    i.bno055_mag_x      bno055.o
    0x08003f24   0x08003f24   0x00000050   Code   RO           40    i.bno055_mag_y      bno055.o
    0x08003f74   0x08003f74   0x00000050   Code   RO           41    i.bno055_mag_z      bno055.o
    0x08003fc4   0x08003fc4   0x00000036   Code   RO           42    i.bno055_on         bno055.o
    0x08003ffa   0x08003ffa   0x00000002   PAD
    0x08003ffc   0x08003ffc   0x0000008c   Code   RO           43    i.bno055_quaternion  bno055.o
    0x08004088   0x08004088   0x00000050   Code   RO           44    i.bno055_quaternion_w  bno055.o
    0x080040d8   0x080040d8   0x00000050   Code   RO           45    i.bno055_quaternion_x  bno055.o
    0x08004128   0x08004128   0x00000050   Code   RO           46    i.bno055_quaternion_y  bno055.o
    0x08004178   0x08004178   0x00000050   Code   RO           47    i.bno055_quaternion_z  bno055.o
    0x080041c8   0x080041c8   0x00000038   Code   RO           48    i.bno055_read_regs  bno055.o
    0x08004200   0x08004200   0x00000036   Code   RO           49    i.bno055_reset      bno055.o
    0x08004236   0x08004236   0x00000036   Code   RO           50    i.bno055_set_opmode  bno055.o
    0x0800426c   0x0800426c   0x00000050   Code   RO           51    i.bno055_set_page   bno055.o
    0x080042bc   0x080042bc   0x00000070   Code   RO           52    i.bno055_set_pwr_mode  bno055.o
    0x0800432c   0x0800432c   0x00000046   Code   RO           54    i.bno055_temperature  bno055.o
    0x08004372   0x08004372   0x00000026   Code   RO           55    i.bno055_write_regs  bno055.o
    0x08004398   0x08004398   0x00000010   Code   RO          516    i.flash             main.o
    0x080043a8   0x080043a8   0x000012d0   Code   RO          520    i.main              main.o
    0x08005678   0x08005678   0x0000001c   Code   RO          522    i.send2App          main.o
    0x08005694   0x08005694   0x00000062   Code   RO         3857    x$fpl$d2f           fz_wm.l(d2f.o)
    0x080056f6   0x080056f6   0x00000002   PAD
    0x080056f8   0x080056f8   0x00000150   Code   RO         3859    x$fpl$dadd          fz_wm.l(daddsub_clz.o)
    0x08005848   0x08005848   0x00000154   Code   RO         3865    x$fpl$dmul          fz_wm.l(dmul.o)
    0x0800599c   0x0800599c   0x0000009c   Code   RO         3874    x$fpl$dnaninf       fz_wm.l(dnaninf.o)
    0x08005a38   0x08005a38   0x0000000c   Code   RO         3876    x$fpl$dretinf       fz_wm.l(dretinf.o)
    0x08005a44   0x08005a44   0x000001d4   Code   RO         3861    x$fpl$dsub          fz_wm.l(daddsub_clz.o)
    0x08005c18   0x08005c18   0x00000056   Code   RO         3867    x$fpl$f2d           fz_wm.l(f2d.o)
    0x08005c6e   0x08005c6e   0x0000008c   Code   RO         3878    x$fpl$fnaninf       fz_wm.l(fnaninf.o)
    0x08005cfa   0x08005cfa   0x0000000a   Code   RO         3985    x$fpl$fpinit        fz_wm.l(fpinit.o)
    0x08005d04   0x08005d04   0x0000000a   Code   RO         3880    x$fpl$fretinf       fz_wm.l(fretinf.o)
    0x08005d0e   0x08005d0e   0x00000000   Code   RO         3882    x$fpl$usenofp       fz_wm.l(usenofp.o)
    0x08005d0e   0x08005d0e   0x00000002   PAD
    0x08005d10   0x08005d10   0x00000158   Data   RO          525    .constdata          main.o
    0x08005e68   0x08005e68   0x00000040   Data   RO         3812    .constdata          system_stm32l4xx.o
    0x08005ea8   0x08005ea8   0x00000008   Data   RO         3813    .constdata          system_stm32l4xx.o
    0x08005eb0   0x08005eb0   0x00000020   Data   RO         4043    Region$$Table       anon$$obj.o


    Execution Region RW_IRAM2 (Exec base: 0x10000000, Load base: 0x08005f70, Size: 0x00000000, Max: 0x00002000, ABSOLUTE)

    **** No section assigned to this execution region ****


    Execution Region RW_IRAM1 (Exec base: 0x20000000, Load base: 0x08005ed0, Size: 0x00000ae0, Max: 0x00008000, ABSOLUTE)

    Exec Addr    Load Addr    Size         Type   Attr      Idx    E Section Name        Object

    0x20000000   0x08005ed0   0x00000089   Data   RW          526    .data               main.o
    0x20000089   0x08005f59   0x00000003   PAD
    0x2000008c   0x08005f5c   0x00000004   Data   RW          644    .data               adc.o
    0x20000090   0x08005f60   0x0000000c   Data   RW         1381    .data               stm32l4xx_hal.o
    0x2000009c   0x08005f6c   0x00000004   Data   RW         3814    .data               system_stm32l4xx.o
    0x200000a0        -       0x00000158   Zero   RW          524    .bss                main.o
    0x200001f8        -       0x000000c8   Zero   RW          643    .bss                adc.o
    0x200002c0        -       0x00000138   Zero   RW          716    .bss                i2c.o
    0x200003f8        -       0x00000084   Zero   RW          763    .bss                usart.o
    0x2000047c        -       0x00000060   Zero   RW         3915    .bss                c_w.l(libspace.o)
    0x200004dc   0x08005f70   0x00000004   PAD
    0x200004e0        -       0x00000200   Zero   RW            2    HEAP                startup_stm32l412xx.o
    0x200006e0        -       0x00000400   Zero   RW            1    STACK               startup_stm32l412xx.o


==============================================================================

Image component sizes


      Code (inc. data)   RO Data    RW Data    ZI Data      Debug   Object Name

       424         44          0          4        200       2634   adc.o
      4074        266          0          0          0     518320   bno055.o
        60          4          0          0          0        814   dma.o
        96         10          0          0          0        907   gpio.o
       506         48          0          0        312       2776   i2c.o
      4974        304        344        137        344      14761   main.o
        64         26        396          0       1536        860   startup_stm32l412xx.o
       162         24          0         12          0      11777   stm32l4xx_hal.o
      2254        128          0          0          0      69123   stm32l4xx_hal_adc.o
       232         12          0          0          0      58939   stm32l4xx_hal_adc_ex.o
       198         14          0          0          0      33919   stm32l4xx_hal_cortex.o
       378         14          0          0          0       2124   stm32l4xx_hal_dma.o
       560         26          0          0          0       2328   stm32l4xx_hal_gpio.o
      2000         50          0          0          0      13718   stm32l4xx_hal_i2c.o
       168          0          0          0          0       1959   stm32l4xx_hal_i2c_ex.o
        44          6          0          0          0        882   stm32l4xx_hal_msp.o
       120         20          0          0          0       1394   stm32l4xx_hal_pwr_ex.o
      2156         96          0          0          0       7208   stm32l4xx_hal_rcc.o
       496         10          0          0          0       1868   stm32l4xx_hal_rcc_ex.o
      1286         54          0          0          0       6633   stm32l4xx_hal_uart.o
        44         12          0          0          0       5288   stm32l4xx_it.o
        16          4         72          4          0       1229   system_stm32l4xx.o
       188         22          0          0        132       1818   usart.o
       534         10          0          0          0      40821   vl6180x.o

    ----------------------------------------------------------------------
     21068       1204        844        160       2524     802100   Object Totals
         0          0         32          0          0          0   (incl. Generated)
        34          0          0          3          0          0   (incl. Padding)

    ----------------------------------------------------------------------

      Code (inc. data)   RO Data    RW Data    ZI Data      Debug   Library Member Name

         8          0          0          0          0         68   __main.o
         0          0          0          0          0          0   __rtentry.o
        12          0          0          0          0          0   __rtentry2.o
         6          0          0          0          0          0   __rtentry4.o
        52          8          0          0          0          0   __scatter.o
        26          0          0          0          0          0   __scatter_copy.o
        28          0          0          0          0          0   __scatter_zi.o
        18          0          0          0          0         80   exit.o
         6          0          0          0          0        152   heapauxi.o
         0          0          0          0          0          0   indicate_semi.o
         2          0          0          0          0          0   libinit.o
         6          0          0          0          0          0   libinit2.o
         2          0          0          0          0          0   libshutdown.o
         2          0          0          0          0          0   libshutdown2.o
         8          4          0          0         96         68   libspace.o
       238          0          0          0          0        100   lludivv7m.o
        78          0          0          0          0         80   rt_memclr_w.o
       100          0          0          0          0         80   rt_memcpy_w.o
         2          0          0          0          0          0   rtexit.o
        10          0          0          0          0          0   rtexit2.o
        12          4          0          0          0         68   sys_exit.o
        74          0          0          0          0         80   sys_stackheap_outer.o
         2          0          0          0          0         68   use_no_semi.o
        98          4          0          0          0        140   d2f.o
       804         16          0          0          0        368   daddsub_clz.o
       340         12          0          0          0        152   dmul.o
       156          4          0          0          0        140   dnaninf.o
        12          0          0          0          0        116   dretinf.o
        86          4          0          0          0        132   f2d.o
       140          4          0          0          0        132   fnaninf.o
        10          0          0          0          0        116   fpinit.o
        10          0          0          0          0        116   fretinf.o
         0          0          0          0          0          0   usenofp.o

    ----------------------------------------------------------------------
      2360         60          0          0        100       2256   Library Totals
        12          0          0          0          4          0   (incl. Padding)

    ----------------------------------------------------------------------

      Code (inc. data)   RO Data    RW Data    ZI Data      Debug   Library Name

       692         16          0          0         96        844   c_w.l
      1656         44          0          0          0       1412   fz_wm.l

    ----------------------------------------------------------------------
      2360         60          0          0        100       2256   Library Totals

    ----------------------------------------------------------------------

==============================================================================


      Code (inc. data)   RO Data    RW Data    ZI Data      Debug   

     23428       1264        844        160       2624     790544   Grand Totals
     23428       1264        844        160       2624     790544   ELF Image Totals
     23428       1264        844        160          0          0   ROM Totals

==============================================================================

    Total RO  Size (Code + RO Data)                24272 (  23.70kB)
    Total RW  Size (RW Data + ZI Data)              2784 (   2.72kB)
    Total ROM Size (Code + RO Data + RW Data)      24432 (  23.86kB)

==============================================================================

