<html>
<body>
<pre>
<h1>µVision Build Log</h1>
<h2>Tool Versions:</h2>
IDE-Version: µVision V5.36.0.0
Copyright (C) 2021 ARM Ltd and ARM Germany GmbH. All rights reserved.
License Information: Eric Hsieh, UCSB, LIC=----
 
Tool Versions:
Toolchain:       MDK-Lite  Version: 5.36.0.0
Toolchain Path:  C:\Keil_v5\ARM\ARMCC\Bin
C Compiler:      Armcc.exe V5.06 update 7 (build 960)
Assembler:       Armasm.exe V5.06 update 7 (build 960)
Linker/Locator:  ArmLink.exe V5.06 update 7 (build 960)
Library Manager: ArmAr.exe V5.06 update 7 (build 960)
Hex Converter:   FromElf.exe V5.06 update 7 (build 960)
CPU DLL:         SARMCM3.DLL V5.36.0.0
Dialog DLL:      DCM.DLL V1.17.3.0
Target DLL:      STLink\ST-LINKIII-KEIL_SWO.dll V3.0.9.0
Dialog DLL:      TCM.DLL V1.53.0.0
 
<h2>Project:</h2>
C:\Users\eric9\OneDrive\Documents\GitHub\Glove\pain\MDK-ARM\PCBcuwubed.uvprojx
Project File Date:  05/30/2023

<h2>Output:</h2>
*** Using Compiler 'V5.06 update 7 (build 960)', folder: 'C:\Keil_v5\ARM\ARMCC\Bin'
Build target 'PCBcuwubed'
compiling main.c...
../Core/Src/main.c(309): warning:  #188-D: enumerated type mixed with another type
  	imu1 = (bno055_t){.i2c = &hi2c1, .addr = BNO_ADDR, .mode = BNO_MODE_IMU, ._temp_unit = 0};
../Core/Src/main.c(311): warning:  #188-D: enumerated type mixed with another type
  	imu2 = (bno055_t){.i2c = &hi2c1, .addr = BNO_ADDR_ALT, .mode = BNO_MODE_IMU, ._temp_unit = 0};
../Core/Src/main.c(413): warning:  #1035-D: single-precision operand implicitly converted to double-precision
  		accleration_mag_buffer = DECAY_FACTOR*accleration_mag_buffer + absx + absy + absz;
../Core/Src/main.c: 3 warnings, 0 errors
linking...
Program Size: Code=23428 RO-data=844 RW-data=160 ZI-data=2624  
FromELF: creating hex file...
"PCBcuwubed\PCBcuwubed.axf" - 0 Error(s), 3 Warning(s).

<h2>Software Packages used:</h2>

Package Vendor: ARM
                http://www.keil.com/pack/ARM.CMSIS.5.8.0.pack
                ARM.CMSIS.5.8.0
                CMSIS (Common Microcontroller Software Interface Standard)
   * Component: CORE Version: 5.5.0

Package Vendor: Keil
                http://www.keil.com/pack/Keil.STM32L4xx_DFP.2.6.1.pack
                Keil.STM32L4xx_DFP.2.6.1
                STMicroelectronics STM32L4 Series Device Support, Drivers and Examples

<h2>Collection of Component include folders:</h2>
  .\RTE\_PCBcuwubed
  C:\Users\eric9\AppData\Local\Arm\Packs\ARM\CMSIS\5.8.0\CMSIS\Core\Include
  C:\Users\eric9\AppData\Local\Arm\Packs\Keil\STM32L4xx_DFP\2.6.1\Drivers\CMSIS\Device\ST\STM32L4xx\Include

<h2>Collection of Component Files used:</h2>

   * Component: ARM::CMSIS:CORE:5.5.0
      Include file:  CMSIS\Core\Include\tz_context.h
Build Time Elapsed:  00:00:02
</pre>
</body>
</html>
